Copyright 1986-2022 Xilinx, Inc. All Rights Reserved. Copyright 2022-2025 Advanced Micro Devices, Inc. All Rights Reserved.
---------------------------------------------------------------------------------------------------------------------------------------------
| Tool Version : Vivado v.2025.2 (lin64) Build 6299465 Fri Nov 14 12:34:56 MST 2025
| Date         : Thu Sep 10 17:02:27 2026
| Host         : trungp1412 running 64-bit Red Hat Enterprise Linux 10.2 (Coughlan)"
RELEASE_TYPE=stable
| Command      : report_methodology -file /home/trungpham/PROJECT/KLTN/vivado_fmax_xc7a35t_20ns/post_route_methodology.rpt
| Design       : soc_top
| Device       : xc7a35tcpg236-1
| Speed File   : -1
| Design State : Fully Routed
---------------------------------------------------------------------------------------------------------------------------------------------

Report Methodology

Table of Contents
-----------------
1. REPORT SUMMARY
2. REPORT DETAILS

1. REPORT SUMMARY
-----------------
            Netlist: soc_top
          Floorplan: design_1
      Design limits: <entire design considered>
             Max checks: <unlimited>
             Checks found: 76
+-----------+----------+-------------------------------+--------+
| Rule      | Severity | Description                   | Checks |
+-----------+----------+-------------------------------+--------+
| TIMING-16 | Warning  | Large setup violation         | 73     |
| TIMING-18 | Warning  | Missing input or output delay | 3      |
+-----------+----------+-------------------------------+--------+

2. REPORT DETAILS
-----------------
TIMING-16#1 Warning
Large setup violation  
There is a large setup violation of -1.005 ns between u_cpu/dut_pc/pc_reg[4]_rep__8/C (clocked by CLK) and u_l1_icache/data_array_reg[16][0][4]/CE (clocked by CLK). Large setup violations at the end of those stages might be difficult to fix during the post-placement implementation flow and could be the result of non-optimal XDC constraints or non-optimal design architecture
Related violations: <none>

TIMING-16#2 Warning
Large setup violation  
There is a large setup violation of -1.005 ns between u_cpu/dut_pc/pc_reg[4]_rep__8/C (clocked by CLK) and u_l1_icache/data_array_reg[16][0][7]/CE (clocked by CLK). Large setup violations at the end of those stages might be difficult to fix during the post-placement implementation flow and could be the result of non-optimal XDC constraints or non-optimal design architecture
Related violations: <none>

TIMING-16#3 Warning
Large setup violation  
There is a large setup violation of -1.012 ns between u_cpu/dut_pc/pc_reg[4]_rep__8/C (clocked by CLK) and u_l1_icache/data_array_reg[26][2][22]/CE (clocked by CLK). Large setup violations at the end of those stages might be difficult to fix during the post-placement implementation flow and could be the result of non-optimal XDC constraints or non-optimal design architecture
Related violations: <none>

TIMING-16#4 Warning
Large setup violation  
There is a large setup violation of -1.019 ns between u_cpu/dut_pc/pc_reg[4]_rep__8/C (clocked by CLK) and u_l1_icache/data_array_reg[28][1][18]/CE (clocked by CLK). Large setup violations at the end of those stages might be difficult to fix during the post-placement implementation flow and could be the result of non-optimal XDC constraints or non-optimal design architecture
Related violations: <none>

TIMING-16#5 Warning
Large setup violation  
There is a large setup violation of -1.019 ns between u_cpu/dut_pc/pc_reg[4]_rep__8/C (clocked by CLK) and u_l1_icache/data_array_reg[28][1][20]/CE (clocked by CLK). Large setup violations at the end of those stages might be difficult to fix during the post-placement implementation flow and could be the result of non-optimal XDC constraints or non-optimal design architecture
Related violations: <none>

TIMING-16#6 Warning
Large setup violation  
There is a large setup violation of -1.019 ns between u_cpu/dut_pc/pc_reg[4]_rep__8/C (clocked by CLK) and u_l1_icache/data_array_reg[28][1][23]/CE (clocked by CLK). Large setup violations at the end of those stages might be difficult to fix during the post-placement implementation flow and could be the result of non-optimal XDC constraints or non-optimal design architecture
Related violations: <none>

TIMING-16#7 Warning
Large setup violation  
There is a large setup violation of -1.019 ns between u_cpu/dut_pc/pc_reg[4]_rep__8/C (clocked by CLK) and u_l1_icache/data_array_reg[28][1][25]/CE (clocked by CLK). Large setup violations at the end of those stages might be difficult to fix during the post-placement implementation flow and could be the result of non-optimal XDC constraints or non-optimal design architecture
Related violations: <none>

TIMING-16#8 Warning
Large setup violation  
There is a large setup violation of -1.019 ns between u_cpu/dut_pc/pc_reg[4]_rep__8/C (clocked by CLK) and u_l1_icache/data_array_reg[28][1][26]/CE (clocked by CLK). Large setup violations at the end of those stages might be difficult to fix during the post-placement implementation flow and could be the result of non-optimal XDC constraints or non-optimal design architecture
Related violations: <none>

TIMING-16#9 Warning
Large setup violation  
There is a large setup violation of -1.028 ns between u_cpu/dut_pc/pc_reg[4]_rep__8/C (clocked by CLK) and u_l1_icache/data_array_reg[16][0][10]/CE (clocked by CLK). Large setup violations at the end of those stages might be difficult to fix during the post-placement implementation flow and could be the result of non-optimal XDC constraints or non-optimal design architecture
Related violations: <none>

TIMING-16#10 Warning
Large setup violation  
There is a large setup violation of -1.028 ns between u_cpu/dut_pc/pc_reg[4]_rep__8/C (clocked by CLK) and u_l1_icache/data_array_reg[16][0][14]/CE (clocked by CLK). Large setup violations at the end of those stages might be difficult to fix during the post-placement implementation flow and could be the result of non-optimal XDC constraints or non-optimal design architecture
Related violations: <none>

TIMING-16#11 Warning
Large setup violation  
There is a large setup violation of -1.028 ns between u_cpu/dut_pc/pc_reg[4]_rep__8/C (clocked by CLK) and u_l1_icache/data_array_reg[16][0][15]/CE (clocked by CLK). Large setup violations at the end of those stages might be difficult to fix during the post-placement implementation flow and could be the result of non-optimal XDC constraints or non-optimal design architecture
Related violations: <none>

TIMING-16#12 Warning
Large setup violation  
There is a large setup violation of -1.028 ns between u_cpu/dut_pc/pc_reg[4]_rep__8/C (clocked by CLK) and u_l1_icache/data_array_reg[16][0][19]/CE (clocked by CLK). Large setup violations at the end of those stages might be difficult to fix during the post-placement implementation flow and could be the result of non-optimal XDC constraints or non-optimal design architecture
Related violations: <none>

TIMING-16#13 Warning
Large setup violation  
There is a large setup violation of -1.030 ns between u_cpu/dut_pc/pc_reg[4]_rep__8/C (clocked by CLK) and u_l1_icache/data_array_reg[16][0][20]/CE (clocked by CLK). Large setup violations at the end of those stages might be difficult to fix during the post-placement implementation flow and could be the result of non-optimal XDC constraints or non-optimal design architecture
Related violations: <none>

TIMING-16#14 Warning
Large setup violation  
There is a large setup violation of -1.039 ns between u_cpu/dut_pc/pc_reg[4]_rep__8/C (clocked by CLK) and u_l1_icache/data_array_reg[21][1][15]/CE (clocked by CLK). Large setup violations at the end of those stages might be difficult to fix during the post-placement implementation flow and could be the result of non-optimal XDC constraints or non-optimal design architecture
Related violations: <none>

TIMING-16#15 Warning
Large setup violation  
There is a large setup violation of -1.039 ns between u_cpu/dut_pc/pc_reg[4]_rep__8/C (clocked by CLK) and u_l1_icache/data_array_reg[21][1][17]/CE (clocked by CLK). Large setup violations at the end of those stages might be difficult to fix during the post-placement implementation flow and could be the result of non-optimal XDC constraints or non-optimal design architecture
Related violations: <none>

TIMING-16#16 Warning
Large setup violation  
There is a large setup violation of -1.039 ns between u_cpu/dut_pc/pc_reg[4]_rep__8/C (clocked by CLK) and u_l1_icache/data_array_reg[3][1][16]/CE (clocked by CLK). Large setup violations at the end of those stages might be difficult to fix during the post-placement implementation flow and could be the result of non-optimal XDC constraints or non-optimal design architecture
Related violations: <none>

TIMING-16#17 Warning
Large setup violation  
There is a large setup violation of -1.040 ns between u_cpu/dut_pc/pc_reg[4]_rep__8/C (clocked by CLK) and u_l1_icache/data_array_reg[16][0][0]/CE (clocked by CLK). Large setup violations at the end of those stages might be difficult to fix during the post-placement implementation flow and could be the result of non-optimal XDC constraints or non-optimal design architecture
Related violations: <none>

TIMING-16#18 Warning
Large setup violation  
There is a large setup violation of -1.040 ns between u_cpu/dut_pc/pc_reg[4]_rep__8/C (clocked by CLK) and u_l1_icache/data_array_reg[16][0][24]/CE (clocked by CLK). Large setup violations at the end of those stages might be difficult to fix during the post-placement implementation flow and could be the result of non-optimal XDC constraints or non-optimal design architecture
Related violations: <none>

TIMING-16#19 Warning
Large setup violation  
There is a large setup violation of -1.041 ns between u_cpu/dut_pc/pc_reg[4]_rep__8/C (clocked by CLK) and u_l1_icache/data_array_reg[5][0][13]/CE (clocked by CLK). Large setup violations at the end of those stages might be difficult to fix during the post-placement implementation flow and could be the result of non-optimal XDC constraints or non-optimal design architecture
Related violations: <none>

TIMING-16#20 Warning
Large setup violation  
There is a large setup violation of -1.048 ns between u_cpu/dut_pc/pc_reg[4]_rep__8/C (clocked by CLK) and u_cpu/dut_pc/pc_reg[5]_rep__6/D (clocked by CLK). Large setup violations at the end of those stages might be difficult to fix during the post-placement implementation flow and could be the result of non-optimal XDC constraints or non-optimal design architecture
Related violations: <none>

TIMING-16#21 Warning
Large setup violation  
There is a large setup violation of -1.048 ns between u_cpu/dut_pc/pc_reg[4]_rep__8/C (clocked by CLK) and u_cpu/dut_pc/pc_reg[6]/D (clocked by CLK). Large setup violations at the end of those stages might be difficult to fix during the post-placement implementation flow and could be the result of non-optimal XDC constraints or non-optimal design architecture
Related violations: <none>

TIMING-16#22 Warning
Large setup violation  
There is a large setup violation of -1.050 ns between u_cpu/dut_pc/pc_reg[4]_rep__8/C (clocked by CLK) and u_l1_icache/data_array_reg[16][0][17]/CE (clocked by CLK). Large setup violations at the end of those stages might be difficult to fix during the post-placement implementation flow and could be the result of non-optimal XDC constraints or non-optimal design architecture
Related violations: <none>

TIMING-16#23 Warning
Large setup violation  
There is a large setup violation of -1.050 ns between u_cpu/dut_pc/pc_reg[4]_rep__8/C (clocked by CLK) and u_l1_icache/data_array_reg[16][0][25]/CE (clocked by CLK). Large setup violations at the end of those stages might be difficult to fix during the post-placement implementation flow and could be the result of non-optimal XDC constraints or non-optimal design architecture
Related violations: <none>

TIMING-16#24 Warning
Large setup violation  
There is a large setup violation of -1.050 ns between u_cpu/dut_pc/pc_reg[4]_rep__8/C (clocked by CLK) and u_l1_icache/data_array_reg[16][0][26]/CE (clocked by CLK). Large setup violations at the end of those stages might be difficult to fix during the post-placement implementation flow and could be the result of non-optimal XDC constraints or non-optimal design architecture
Related violations: <none>

TIMING-16#25 Warning
Large setup violation  
There is a large setup violation of -1.050 ns between u_cpu/dut_pc/pc_reg[4]_rep__8/C (clocked by CLK) and u_l1_icache/data_array_reg[16][0][2]/CE (clocked by CLK). Large setup violations at the end of those stages might be difficult to fix during the post-placement implementation flow and could be the result of non-optimal XDC constraints or non-optimal design architecture
Related violations: <none>

TIMING-16#26 Warning
Large setup violation  
There is a large setup violation of -1.050 ns between u_cpu/dut_pc/pc_reg[4]_rep__8/C (clocked by CLK) and u_l1_icache/data_array_reg[16][0][31]/CE (clocked by CLK). Large setup violations at the end of those stages might be difficult to fix during the post-placement implementation flow and could be the result of non-optimal XDC constraints or non-optimal design architecture
Related violations: <none>

TIMING-16#27 Warning
Large setup violation  
There is a large setup violation of -1.050 ns between u_cpu/dut_pc/pc_reg[4]_rep__8/C (clocked by CLK) and u_l1_icache/data_array_reg[16][0][9]/CE (clocked by CLK). Large setup violations at the end of those stages might be difficult to fix during the post-placement implementation flow and could be the result of non-optimal XDC constraints or non-optimal design architecture
Related violations: <none>

TIMING-16#28 Warning
Large setup violation  
There is a large setup violation of -1.062 ns between u_cpu/dut_pc/pc_reg[4]_rep__8/C (clocked by CLK) and u_cpu/dut_pc/pc_reg[6]_rep__1/D (clocked by CLK). Large setup violations at the end of those stages might be difficult to fix during the post-placement implementation flow and could be the result of non-optimal XDC constraints or non-optimal design architecture
Related violations: <none>

TIMING-16#29 Warning
Large setup violation  
There is a large setup violation of -1.063 ns between u_cpu/dut_pc/pc_reg[4]_rep__8/C (clocked by CLK) and u_l1_icache/data_array_reg[1][0][12]/CE (clocked by CLK). Large setup violations at the end of those stages might be difficult to fix during the post-placement implementation flow and could be the result of non-optimal XDC constraints or non-optimal design architecture
Related violations: <none>

TIMING-16#30 Warning
Large setup violation  
There is a large setup violation of -1.063 ns between u_cpu/dut_pc/pc_reg[4]_rep__8/C (clocked by CLK) and u_l1_icache/data_array_reg[1][0][13]/CE (clocked by CLK). Large setup violations at the end of those stages might be difficult to fix during the post-placement implementation flow and could be the result of non-optimal XDC constraints or non-optimal design architecture
Related violations: <none>

TIMING-16#31 Warning
Large setup violation  
There is a large setup violation of -1.064 ns between u_cpu/dut_pc/pc_reg[4]_rep__8/C (clocked by CLK) and u_l1_icache/data_array_reg[17][0][15]/CE (clocked by CLK). Large setup violations at the end of those stages might be difficult to fix during the post-placement implementation flow and could be the result of non-optimal XDC constraints or non-optimal design architecture
Related violations: <none>

TIMING-16#32 Warning
Large setup violation  
There is a large setup violation of -1.064 ns between u_cpu/dut_pc/pc_reg[4]_rep__8/C (clocked by CLK) and u_l1_icache/data_array_reg[17][0][16]/CE (clocked by CLK). Large setup violations at the end of those stages might be difficult to fix during the post-placement implementation flow and could be the result of non-optimal XDC constraints or non-optimal design architecture
Related violations: <none>

TIMING-16#33 Warning
Large setup violation  
There is a large setup violation of -1.064 ns between u_cpu/dut_pc/pc_reg[4]_rep__8/C (clocked by CLK) and u_l1_icache/data_array_reg[17][0][26]/CE (clocked by CLK). Large setup violations at the end of those stages might be difficult to fix during the post-placement implementation flow and could be the result of non-optimal XDC constraints or non-optimal design architecture
Related violations: <none>

TIMING-16#34 Warning
Large setup violation  
There is a large setup violation of -1.064 ns between u_cpu/dut_pc/pc_reg[4]_rep__8/C (clocked by CLK) and u_l1_icache/data_array_reg[17][0][31]/CE (clocked by CLK). Large setup violations at the end of those stages might be difficult to fix during the post-placement implementation flow and could be the result of non-optimal XDC constraints or non-optimal design architecture
Related violations: <none>

TIMING-16#35 Warning
Large setup violation  
There is a large setup violation of -1.064 ns between u_cpu/dut_pc/pc_reg[4]_rep__8/C (clocked by CLK) and u_l1_icache/data_array_reg[17][0][9]/CE (clocked by CLK). Large setup violations at the end of those stages might be difficult to fix during the post-placement implementation flow and could be the result of non-optimal XDC constraints or non-optimal design architecture
Related violations: <none>

TIMING-16#36 Warning
Large setup violation  
There is a large setup violation of -1.073 ns between u_cpu/dut_pc/pc_reg[4]_rep__8/C (clocked by CLK) and u_l1_icache/data_array_reg[17][0][0]/CE (clocked by CLK). Large setup violations at the end of those stages might be difficult to fix during the post-placement implementation flow and could be the result of non-optimal XDC constraints or non-optimal design architecture
Related violations: <none>

TIMING-16#37 Warning
Large setup violation  
There is a large setup violation of -1.073 ns between u_cpu/dut_pc/pc_reg[4]_rep__8/C (clocked by CLK) and u_l1_icache/data_array_reg[17][0][11]/CE (clocked by CLK). Large setup violations at the end of those stages might be difficult to fix during the post-placement implementation flow and could be the result of non-optimal XDC constraints or non-optimal design architecture
Related violations: <none>

TIMING-16#38 Warning
Large setup violation  
There is a large setup violation of -1.073 ns between u_cpu/dut_pc/pc_reg[4]_rep__8/C (clocked by CLK) and u_l1_icache/data_array_reg[17][0][17]/CE (clocked by CLK). Large setup violations at the end of those stages might be difficult to fix during the post-placement implementation flow and could be the result of non-optimal XDC constraints or non-optimal design architecture
Related violations: <none>

TIMING-16#39 Warning
Large setup violation  
There is a large setup violation of -1.073 ns between u_cpu/dut_pc/pc_reg[4]_rep__8/C (clocked by CLK) and u_l1_icache/data_array_reg[17][0][18]/CE (clocked by CLK). Large setup violations at the end of those stages might be difficult to fix during the post-placement implementation flow and could be the result of non-optimal XDC constraints or non-optimal design architecture
Related violations: <none>

TIMING-16#40 Warning
Large setup violation  
There is a large setup violation of -1.073 ns between u_cpu/dut_pc/pc_reg[4]_rep__8/C (clocked by CLK) and u_l1_icache/data_array_reg[17][0][22]/CE (clocked by CLK). Large setup violations at the end of those stages might be difficult to fix during the post-placement implementation flow and could be the result of non-optimal XDC constraints or non-optimal design architecture
Related violations: <none>

TIMING-16#41 Warning
Large setup violation  
There is a large setup violation of -1.073 ns between u_cpu/dut_pc/pc_reg[4]_rep__8/C (clocked by CLK) and u_l1_icache/data_array_reg[17][0][28]/CE (clocked by CLK). Large setup violations at the end of those stages might be difficult to fix during the post-placement implementation flow and could be the result of non-optimal XDC constraints or non-optimal design architecture
Related violations: <none>

TIMING-16#42 Warning
Large setup violation  
There is a large setup violation of -1.073 ns between u_cpu/dut_pc/pc_reg[4]_rep__8/C (clocked by CLK) and u_l1_icache/data_array_reg[17][0][5]/CE (clocked by CLK). Large setup violations at the end of those stages might be difficult to fix during the post-placement implementation flow and could be the result of non-optimal XDC constraints or non-optimal design architecture
Related violations: <none>

TIMING-16#43 Warning
Large setup violation  
There is a large setup violation of -1.073 ns between u_cpu/dut_pc/pc_reg[4]_rep__8/C (clocked by CLK) and u_l1_icache/data_array_reg[17][0][8]/CE (clocked by CLK). Large setup violations at the end of those stages might be difficult to fix during the post-placement implementation flow and could be the result of non-optimal XDC constraints or non-optimal design architecture
Related violations: <none>

TIMING-16#44 Warning
Large setup violation  
There is a large setup violation of -1.073 ns between u_cpu/dut_pc/pc_reg[4]_rep__8/C (clocked by CLK) and u_l1_icache/data_array_reg[1][0][31]/CE (clocked by CLK). Large setup violations at the end of those stages might be difficult to fix during the post-placement implementation flow and could be the result of non-optimal XDC constraints or non-optimal design architecture
Related violations: <none>

TIMING-16#45 Warning
Large setup violation  
There is a large setup violation of -1.073 ns between u_cpu/dut_pc/pc_reg[4]_rep__8/C (clocked by CLK) and u_l1_icache/data_array_reg[1][0][9]/CE (clocked by CLK). Large setup violations at the end of those stages might be difficult to fix during the post-placement implementation flow and could be the result of non-optimal XDC constraints or non-optimal design architecture
Related violations: <none>

TIMING-16#46 Warning
Large setup violation  
There is a large setup violation of -1.075 ns between u_cpu/dut_pc/pc_reg[4]_rep__8/C (clocked by CLK) and u_l1_icache/data_array_reg[20][0][23]/CE (clocked by CLK). Large setup violations at the end of those stages might be difficult to fix during the post-placement implementation flow and could be the result of non-optimal XDC constraints or non-optimal design architecture
Related violations: <none>

TIMING-16#47 Warning
Large setup violation  
There is a large setup violation of -1.083 ns between u_cpu/dut_pc/pc_reg[4]_rep__8/C (clocked by CLK) and u_l1_icache/data_array_reg[29][0][17]/CE (clocked by CLK). Large setup violations at the end of those stages might be difficult to fix during the post-placement implementation flow and could be the result of non-optimal XDC constraints or non-optimal design architecture
Related violations: <none>

TIMING-16#48 Warning
Large setup violation  
There is a large setup violation of -1.083 ns between u_cpu/dut_pc/pc_reg[4]_rep__8/C (clocked by CLK) and u_l1_icache/data_array_reg[29][0][1]/CE (clocked by CLK). Large setup violations at the end of those stages might be difficult to fix during the post-placement implementation flow and could be the result of non-optimal XDC constraints or non-optimal design architecture
Related violations: <none>

TIMING-16#49 Warning
Large setup violation  
There is a large setup violation of -1.083 ns between u_cpu/dut_pc/pc_reg[4]_rep__8/C (clocked by CLK) and u_l1_icache/data_array_reg[29][0][30]/CE (clocked by CLK). Large setup violations at the end of those stages might be difficult to fix during the post-placement implementation flow and could be the result of non-optimal XDC constraints or non-optimal design architecture
Related violations: <none>

TIMING-16#50 Warning
Large setup violation  
There is a large setup violation of -1.091 ns between u_cpu/dut_pc/pc_reg[4]_rep__8/C (clocked by CLK) and u_cpu/dut_pc/pc_reg[4]_rep__6/D (clocked by CLK). Large setup violations at the end of those stages might be difficult to fix during the post-placement implementation flow and could be the result of non-optimal XDC constraints or non-optimal design architecture
Related violations: <none>

TIMING-16#51 Warning
Large setup violation  
There is a large setup violation of -1.096 ns between u_cpu/dut_pc/pc_reg[4]_rep__8/C (clocked by CLK) and u_l1_icache/data_array_reg[16][0][22]/CE (clocked by CLK). Large setup violations at the end of those stages might be difficult to fix during the post-placement implementation flow and could be the result of non-optimal XDC constraints or non-optimal design architecture
Related violations: <none>

TIMING-16#52 Warning
Large setup violation  
There is a large setup violation of -1.096 ns between u_cpu/dut_pc/pc_reg[4]_rep__8/C (clocked by CLK) and u_l1_icache/data_array_reg[16][0][27]/CE (clocked by CLK). Large setup violations at the end of those stages might be difficult to fix during the post-placement implementation flow and could be the result of non-optimal XDC constraints or non-optimal design architecture
Related violations: <none>

TIMING-16#53 Warning
Large setup violation  
There is a large setup violation of -1.100 ns between u_cpu/dut_pc/pc_reg[4]_rep__8/C (clocked by CLK) and u_cpu/dut_pc/pc_reg[4]_rep__7/D (clocked by CLK). Large setup violations at the end of those stages might be difficult to fix during the post-placement implementation flow and could be the result of non-optimal XDC constraints or non-optimal design architecture
Related violations: <none>

TIMING-16#54 Warning
Large setup violation  
There is a large setup violation of -1.105 ns between u_cpu/dut_pc/pc_reg[4]_rep__8/C (clocked by CLK) and u_cpu/dut_pc/pc_reg[5]_rep__7/D (clocked by CLK). Large setup violations at the end of those stages might be difficult to fix during the post-placement implementation flow and could be the result of non-optimal XDC constraints or non-optimal design architecture
Related violations: <none>

TIMING-16#55 Warning
Large setup violation  
There is a large setup violation of -1.108 ns between u_cpu/dut_pc/pc_reg[4]_rep__8/C (clocked by CLK) and u_cpu/dut_pc/pc_reg[5]_rep__2/D (clocked by CLK). Large setup violations at the end of those stages might be difficult to fix during the post-placement implementation flow and could be the result of non-optimal XDC constraints or non-optimal design architecture
Related violations: <none>

TIMING-16#56 Warning
Large setup violation  
There is a large setup violation of -1.108 ns between u_cpu/dut_pc/pc_reg[4]_rep__8/C (clocked by CLK) and u_l1_icache/data_array_reg[29][0][15]/CE (clocked by CLK). Large setup violations at the end of those stages might be difficult to fix during the post-placement implementation flow and could be the result of non-optimal XDC constraints or non-optimal design architecture
Related violations: <none>

TIMING-16#57 Warning
Large setup violation  
There is a large setup violation of -1.108 ns between u_cpu/dut_pc/pc_reg[4]_rep__8/C (clocked by CLK) and u_l1_icache/data_array_reg[29][0][26]/CE (clocked by CLK). Large setup violations at the end of those stages might be difficult to fix during the post-placement implementation flow and could be the result of non-optimal XDC constraints or non-optimal design architecture
Related violations: <none>

TIMING-16#58 Warning
Large setup violation  
There is a large setup violation of -1.113 ns between u_cpu/dut_pc/pc_reg[4]_rep__8/C (clocked by CLK) and u_l1_icache/data_array_reg[17][0][12]/CE (clocked by CLK). Large setup violations at the end of those stages might be difficult to fix during the post-placement implementation flow and could be the result of non-optimal XDC constraints or non-optimal design architecture
Related violations: <none>

TIMING-16#59 Warning
Large setup violation  
There is a large setup violation of -1.123 ns between u_cpu/dut_pc/pc_reg[4]_rep__8/C (clocked by CLK) and u_l1_icache/data_array_reg[12][0][18]/CE (clocked by CLK). Large setup violations at the end of those stages might be difficult to fix during the post-placement implementation flow and could be the result of non-optimal XDC constraints or non-optimal design architecture
Related violations: <none>

TIMING-16#60 Warning
Large setup violation  
There is a large setup violation of -1.129 ns between u_cpu/dut_pc/pc_reg[4]_rep__8/C (clocked by CLK) and u_cpu/dut_pc/pc_reg[5]_rep__3/D (clocked by CLK). Large setup violations at the end of those stages might be difficult to fix during the post-placement implementation flow and could be the result of non-optimal XDC constraints or non-optimal design architecture
Related violations: <none>

TIMING-16#61 Warning
Large setup violation  
There is a large setup violation of -1.136 ns between u_cpu/dut_pc/pc_reg[4]_rep__8/C (clocked by CLK) and u_l1_icache/data_array_reg[2][1][16]/CE (clocked by CLK). Large setup violations at the end of those stages might be difficult to fix during the post-placement implementation flow and could be the result of non-optimal XDC constraints or non-optimal design architecture
Related violations: <none>

TIMING-16#62 Warning
Large setup violation  
There is a large setup violation of -1.136 ns between u_cpu/dut_pc/pc_reg[4]_rep__8/C (clocked by CLK) and u_l1_icache/data_array_reg[2][1][31]/CE (clocked by CLK). Large setup violations at the end of those stages might be difficult to fix during the post-placement implementation flow and could be the result of non-optimal XDC constraints or non-optimal design architecture
Related violations: <none>

TIMING-16#63 Warning
Large setup violation  
There is a large setup violation of -1.166 ns between u_cpu/dut_pc/pc_reg[4]_rep__8/C (clocked by CLK) and u_cpu/dut_pc/pc_reg[6]_rep__0/D (clocked by CLK). Large setup violations at the end of those stages might be difficult to fix during the post-placement implementation flow and could be the result of non-optimal XDC constraints or non-optimal design architecture
Related violations: <none>

TIMING-16#64 Warning
Large setup violation  
There is a large setup violation of -1.184 ns between u_cpu/dut_pc/pc_reg[4]_rep__8/C (clocked by CLK) and u_cpu/dut_pc/pc_reg[8]/D (clocked by CLK). Large setup violations at the end of those stages might be difficult to fix during the post-placement implementation flow and could be the result of non-optimal XDC constraints or non-optimal design architecture
Related violations: <none>

TIMING-16#65 Warning
Large setup violation  
There is a large setup violation of -1.190 ns between u_cpu/dut_pc/pc_reg[4]_rep__8/C (clocked by CLK) and u_l1_icache/data_array_reg[8][1][10]/CE (clocked by CLK). Large setup violations at the end of those stages might be difficult to fix during the post-placement implementation flow and could be the result of non-optimal XDC constraints or non-optimal design architecture
Related violations: <none>

TIMING-16#66 Warning
Large setup violation  
There is a large setup violation of -1.190 ns between u_cpu/dut_pc/pc_reg[4]_rep__8/C (clocked by CLK) and u_l1_icache/data_array_reg[8][1][11]/CE (clocked by CLK). Large setup violations at the end of those stages might be difficult to fix during the post-placement implementation flow and could be the result of non-optimal XDC constraints or non-optimal design architecture
Related violations: <none>

TIMING-16#67 Warning
Large setup violation  
There is a large setup violation of -1.190 ns between u_cpu/dut_pc/pc_reg[4]_rep__8/C (clocked by CLK) and u_l1_icache/data_array_reg[8][1][1]/CE (clocked by CLK). Large setup violations at the end of those stages might be difficult to fix during the post-placement implementation flow and could be the result of non-optimal XDC constraints or non-optimal design architecture
Related violations: <none>

TIMING-16#68 Warning
Large setup violation  
There is a large setup violation of -1.190 ns between u_cpu/dut_pc/pc_reg[4]_rep__8/C (clocked by CLK) and u_l1_icache/data_array_reg[8][1][20]/CE (clocked by CLK). Large setup violations at the end of those stages might be difficult to fix during the post-placement implementation flow and could be the result of non-optimal XDC constraints or non-optimal design architecture
Related violations: <none>

TIMING-16#69 Warning
Large setup violation  
There is a large setup violation of -1.190 ns between u_cpu/dut_pc/pc_reg[4]_rep__8/C (clocked by CLK) and u_l1_icache/data_array_reg[8][1][23]/CE (clocked by CLK). Large setup violations at the end of those stages might be difficult to fix during the post-placement implementation flow and could be the result of non-optimal XDC constraints or non-optimal design architecture
Related violations: <none>

TIMING-16#70 Warning
Large setup violation  
There is a large setup violation of -1.190 ns between u_cpu/dut_pc/pc_reg[4]_rep__8/C (clocked by CLK) and u_l1_icache/data_array_reg[8][1][24]/CE (clocked by CLK). Large setup violations at the end of those stages might be difficult to fix during the post-placement implementation flow and could be the result of non-optimal XDC constraints or non-optimal design architecture
Related violations: <none>

TIMING-16#71 Warning
Large setup violation  
There is a large setup violation of -1.190 ns between u_cpu/dut_pc/pc_reg[4]_rep__8/C (clocked by CLK) and u_l1_icache/data_array_reg[8][1][27]/CE (clocked by CLK). Large setup violations at the end of those stages might be difficult to fix during the post-placement implementation flow and could be the result of non-optimal XDC constraints or non-optimal design architecture
Related violations: <none>

TIMING-16#72 Warning
Large setup violation  
There is a large setup violation of -1.190 ns between u_cpu/dut_pc/pc_reg[4]_rep__8/C (clocked by CLK) and u_l1_icache/data_array_reg[8][1][8]/CE (clocked by CLK). Large setup violations at the end of those stages might be difficult to fix during the post-placement implementation flow and could be the result of non-optimal XDC constraints or non-optimal design architecture
Related violations: <none>

TIMING-16#73 Warning
Large setup violation  
There is a large setup violation of -1.211 ns between u_cpu/dut_pc/pc_reg[4]_rep__8/C (clocked by CLK) and u_l1_icache/data_array_reg[5][0][10]/CE (clocked by CLK). Large setup violations at the end of those stages might be difficult to fix during the post-placement implementation flow and could be the result of non-optimal XDC constraints or non-optimal design architecture
Related violations: <none>

TIMING-18#1 Warning
Missing input or output delay  
An output delay is missing on aes_done_debug relative to the rising and/or falling clock edge(s) of CLK.
Related violations: <none>

TIMING-18#2 Warning
Missing input or output delay  
An output delay is missing on cpu_stall_debug relative to the rising and/or falling clock edge(s) of CLK.
Related violations: <none>

TIMING-18#3 Warning
Missing input or output delay  
An output delay is missing on uart_tx_o relative to the rising and/or falling clock edge(s) of CLK.
Related violations: <none>


