# do Do/run_l1_icache.do
# onerror {quit -force -code 1}
# onbreak {resume}
# 
# set project_root [pwd]
# /home/trungpham/PROJECT/KLTN
# set run_dir [file join $project_root sim tb_l1_icache]
# /home/trungpham/PROJECT/KLTN/sim/tb_l1_icache
# set lib_dir [file join $run_dir work]
# /home/trungpham/PROJECT/KLTN/sim/tb_l1_icache/work
# 
# file mkdir $run_dir
# if {![file isdirectory $lib_dir]} {
#     vlib $lib_dir
# }
# 
# vmap work $lib_dir
# Questa Altera Starter FPGA Edition-64 vmap 2025.2 Lib Mapping Utility 2025.05 May 31 2025
# vmap work /home/trungpham/PROJECT/KLTN/sim/tb_l1_icache/work 
# ** Note: (vmap-220) 'modelsim.ini' is used as the ini file.
# Modifying modelsim.ini
# vlog -sv -work work RV32I_Single_Cycle/l1_icache.sv
# Questa Altera Starter FPGA Edition-64 vlog 2025.2 Compiler 2025.05 May 31 2025
# Start time: 14:36:19 on Sep 08,2026
# vlog -sv -work work RV32I_Single_Cycle/l1_icache.sv 
# ** Note: (vlog-220) 'modelsim.ini' is used as the ini file.
# -- Compiling module l1_icache
# 
# Top level modules:
# 	l1_icache
# End time: 14:36:19 on Sep 08,2026, Elapsed time: 0:00:00
# Errors: 0, Warnings: 0
# vlog -sv -work work TB/tb_l1_icache.sv
# Questa Altera Starter FPGA Edition-64 vlog 2025.2 Compiler 2025.05 May 31 2025
# Start time: 14:36:19 on Sep 08,2026
# vlog -sv -work work TB/tb_l1_icache.sv 
# ** Note: (vlog-220) 'modelsim.ini' is used as the ini file.
# -- Compiling module tb_l1_icache
# 
# Top level modules:
# 	tb_l1_icache
# End time: 14:36:19 on Sep 08,2026, Elapsed time: 0:00:00
# Errors: 0, Warnings: 0
# 
# cd $run_dir
# reading /home/trungpham/EDA/quartus/questa_fse/linux_x86_64/../modelsim.ini
# vsim -onfinish stop -voptargs=+acc -wlf tb_l1_icache.wlf work.tb_l1_icache
# ** Note: (vsim-220) '/home/trungpham/EDA/quartus/questa_fse/linux_x86_64/../modelsim.ini' is used as the ini file.
# vsim -onfinish stop -voptargs="+acc" -wlf tb_l1_icache.wlf work.tb_l1_icache 
# Start time: 14:36:19 on Sep 08,2026
# ** Note: (vsim-3813) Design is being optimized due to module recompilation...
# ** Warning: (vopt-10908) Some optimizations are turned off because the +acc switch is in effect.
# ** Note: (vopt-220) '/home/trungpham/EDA/quartus/questa_fse/linux_x86_64/../modelsim.ini' is used as the ini file.
# ** Note: (vsim-12126) Error and warning message counts have been restored: Errors=0, Warnings=1.
# //  Questa Altera Starter FPGA Edition-64
# //  Version 2025.2 linux_x86_64 May 31 2025
# //
# // Unpublished work. Copyright 2025 Siemens
# //
# // This material contains trade secrets or otherwise confidential information
# // owned by Siemens Industry Software Inc. or its affiliates (collectively,
# // "SISW"), or its licensors. Access to and use of this information is strictly
# // limited as set forth in the Customer's applicable agreements with SISW.
# //
# // This material may not be copied, distributed, or otherwise disclosed outside
# // of the Customer's facilities without the express written permission of SISW,
# // and may not be used in any way not expressly authorized by SISW.
# //
# Loading sv_std.std
# Loading work.tb_l1_icache(fast)
# Loading work.l1_icache(fast)
# 
# catch {add wave -divider "CPU SIDE"}
# 0
# catch {add wave -hex sim:/tb_l1_icache/cpu_addr}
# 0
# catch {add wave sim:/tb_l1_icache/cpu_req}
# 0
# catch {add wave sim:/tb_l1_icache/cpu_valid}
# 0
# catch {add wave -hex sim:/tb_l1_icache/cpu_instr}
# 0
# catch {add wave sim:/tb_l1_icache/hit}
# 0
# catch {add wave sim:/tb_l1_icache/miss}
# 0
# catch {add wave sim:/tb_l1_icache/busy}
# 0
# 
# catch {add wave -divider "REFILL SIDE"}
# 0
# catch {add wave -hex sim:/tb_l1_icache/mem_addr}
# 0
# catch {add wave sim:/tb_l1_icache/mem_req}
# 0
# catch {add wave sim:/tb_l1_icache/mem_valid}
# 0
# catch {add wave -hex sim:/tb_l1_icache/mem_rdata}
# 0
# 
# catch {add wave -divider "CACHE INTERNAL"}
# 0
# catch {add wave sim:/tb_l1_icache/dut/state_q}
# 0
# catch {add wave -hex sim:/tb_l1_icache/dut/miss_line_base_q}
# 0
# catch {add wave -unsigned sim:/tb_l1_icache/dut/miss_index_q}
# 0
# catch {add wave -unsigned sim:/tb_l1_icache/dut/refill_word_q}
# 0
# catch {add wave -unsigned sim:/tb_l1_icache/refill_transfer_count}
# 0
# catch {add wave sim:/tb_l1_icache/invalidate_all}
# 0
# 
# run -all
# ============================================================
#  L1 I-CACHE UNIT TEST PASSED
# ============================================================
#  Cold miss / four-word refill : PASS
#  Same-line hit                : PASS
#  Conflict replacement         : PASS
#  Global invalidation          : PASS
#  Refill transfers             : 20
# ============================================================
# ** Note: $finish    : /home/trungpham/PROJECT/KLTN/TB/tb_l1_icache.sv(184)
#    Time: 481 ns  Iteration: 0  Instance: /tb_l1_icache
# Break in NamedBeginStat test_sequence at /home/trungpham/PROJECT/KLTN/TB/tb_l1_icache.sv line 184
# Stopped at /home/trungpham/PROJECT/KLTN/TB/tb_l1_icache.sv line 184
# 
# set passed [examine -radix unsigned sim:/tb_l1_icache/test_passed]
# 1
# if {$passed ne "1"} {
#     puts "FAIL: tb_l1_icache did not complete its checks."
#     quit -force -code 1
# }
# 
# puts "PASS: tb_l1_icache"
#  quit -force
# End time: 14:36:19 on Sep 08,2026, Elapsed time: 0:00:00
# Errors: 0, Warnings: 1
