# do Do/run_uart_boot.do
# onerror {quit -force -code 1}
# onbreak {resume}
# 
# proc soc_prepare {top firmware} {
#     global soc_project_root
#     set soc_project_root [pwd]
#     set tb "TB/${top}.sv"
#     foreach path [list filelist_soc.f soc_top.sv $tb $firmware] {
#         if {![file isfile $path]} {
#             error "Missing $path. Run vsim from the KLTN project root."
#         }
#     }
# 
#     # Separate library, firmware copy and simulation outputs for each test.
#     # Keep a local copy for legacy test flows and debug visibility. The UART
#     # Boot ROM is hard-wired and does not depend on this file at runtime.
#     set run_dir [file join $soc_project_root sim $top]
#     set lib_dir [file join $run_dir work]
#     file mkdir $run_dir
#     if {![file isdirectory $lib_dir]} {
#         vlib $lib_dir
#     }
#     vmap work $lib_dir
#     vlog -sv -work work -f filelist_soc.f
#     vlog -sv -work work $tb
#     file copy -force $firmware [file join $run_dir program.hex]
#     puts "TEST: $top | FIRMWARE: $firmware | OUTPUT: $run_dir"
#     cd $run_dir
#     vsim -onfinish stop -voptargs=+acc -wlf "${top}.wlf" work.$top
# }
# 
# proc soc_sram_waves {top} {
#     foreach instance {u_shared_sram_slave u_instruction_sram_slave} {
#         set base "sim:/${top}/dut/${instance}"
#         catch {add wave -divider $instance}
#         foreach signal {sram_me sram_we} {
#             catch {add wave ${base}/${signal}}
#         }
#         foreach signal {sram_addr sram_wdata sram_rdata} {
#             catch {add wave -hex ${base}/${signal}}
#         }
#         foreach signal {wstate_q rstate_q aw_captured_q w_captured_q} {
#             catch {add wave ${base}/u_ctrl/${signal}}
#         }
#     }
# }
# 
# proc soc_run {top} {
#     run -all
#     # A timeout/$fatal/break must not be reported as a passing batch run.
#     set passed [examine -radix unsigned sim:/${top}/test_passed]
#     if {$passed ne "1"} {
#         puts "FAIL: $top did not complete its checks."
#         quit -force -code 1
#     }
#     puts "PASS: $top"
# }
# /home/trungpham/PROJECT/KLTN
# /home/trungpham/PROJECT/KLTN/sim/tb_soc_uart_boot
# Questa Altera Starter FPGA Edition-64 vlog 2025.2 Compiler 2025.05 May 31 2025
# Start time: 16:00:10 on Sep 10,2026
# vlog -sv -work work -f filelist_soc.f 
# ** Note: (vlog-220) 'modelsim.ini' is used as the ini file.
# -- Compiling interface axi_full_if
# -- Compiling module SRAM1RW256x32
# -- Compiling module SRAM1RW256x32_1bit
# -- Compiling module shared_sram_256x32_wrapper
# -- Compiling module instruction_sram_256x32_wrapper
# -- Compiling module alu
# -- Compiling module alu_src_a_mux
# -- Compiling module alu_src_b_mux
# -- Compiling module branch_unit
# -- Compiling module control_unit
# -- Compiling module immediate_generator
# -- Compiling module instruction_memory
# -- Compiling module instruction_fetch_router
# -- Compiling module l1_icache
# -- Compiling module pc_adder
# -- Compiling module pc_imm
# -- Compiling module program_counter
# -- Compiling module register_file
# -- Compiling module write_back_mux
# -- Compiling module risc_top
# -- Compiling module baud_gen
# -- Compiling module rx_sync
# -- Compiling module uart_tx
# -- Compiling module uart_rx
# -- Compiling module uart_core
# -- Compiling module aes_sbox
# -- Compiling module aes_sub_bytes
# -- Compiling module aes_shift_rows
# -- Compiling module aes_mix_columns
# -- Compiling module aes_add_round_key
# -- Compiling module aes_rot_word
# -- Compiling module aes_sub_word
# -- Compiling module aes_key_expand_step
# -- Compiling module aes_key_schedule
# -- Compiling module aes_round
# -- Compiling module aes_round_last
# -- Compiling module aes_cipher_top
# -- Compiling module cpu_axi_request_arbiter
# -- Compiling module axi_master_wrapper
# -- Compiling module axi_instruction_sram_slave
# -- Compiling module axi_shared_sram_slave
# -- Compiling module axi_sram_controller
# -- Compiling module uart_axi_slave
# -- Compiling module aes_axi_slave
# -- Compiling module axi_interconnect_1m4s
# -- Compiling module soc_top
# 
# Top level modules:
# 	soc_top
# End time: 16:00:10 on Sep 10,2026, Elapsed time: 0:00:00
# Errors: 0, Warnings: 0
# Questa Altera Starter FPGA Edition-64 vlog 2025.2 Compiler 2025.05 May 31 2025
# Start time: 16:00:10 on Sep 10,2026
# vlog -sv -work work TB/tb_soc_uart_boot.sv 
# ** Note: (vlog-220) 'modelsim.ini' is used as the ini file.
# -- Compiling module tb_soc_uart_boot
# 
# Top level modules:
# 	tb_soc_uart_boot
# End time: 16:00:11 on Sep 10,2026, Elapsed time: 0:00:01
# Errors: 0, Warnings: 0
# reading /home/trungpham/EDA/quartus/questa_fse/linux_x86_64/../modelsim.ini
# ** Note: (vsim-220) '/home/trungpham/EDA/quartus/questa_fse/linux_x86_64/../modelsim.ini' is used as the ini file.
# vsim -onfinish stop -voptargs="+acc" -wlf tb_soc_uart_boot.wlf work.tb_soc_uart_boot 
# Start time: 16:00:11 on Sep 10,2026
# ** Note: (vsim-8009) Loading existing optimized design _opt
# //  Questa Altera Starter FPGA Edition-64
# //  Version 2025.2 linux_x86_64 May 31 2025
# //
# // Unpublished work. Copyright 2025 Siemens
# //
# // This material contains trade secrets or otherwise confidential information
# // owned by Siemens Industry Software Inc. or its affiliates (collectively,
# // "SISW"), or its licensors. Access to and use of this information is strictly
# // limited as set forth in the Customer's applicable agreements with SISW.
# //
# // This material may not be copied, distributed, or otherwise disclosed outside
# // of the Customer's facilities without the express written permission of SISW,
# // and may not be used in any way not expressly authorized by SISW.
# //
# Loading sv_std.std
# Loading work.tb_soc_uart_boot(fast)
# Loading work.soc_top(fast)
# Loading work.axi_full_if(fast__1)
# Loading work.axi_full_if(fast__2)
# Loading work.axi_full_if(fast__3)
# Loading work.risc_top(fast)
# Loading work.program_counter(fast)
# Loading work.control_unit(fast)
# Loading work.register_file(fast)
# Loading work.immediate_generator(fast)
# Loading work.alu_src_a_mux(fast)
# Loading work.alu_src_b_mux(fast)
# Loading work.alu(fast)
# Loading work.write_back_mux(fast)
# Loading work.pc_adder(fast)
# Loading work.pc_imm(fast)
# Loading work.branch_unit(fast)
# Loading work.instruction_fetch_router(fast)
# Loading work.instruction_memory(fast)
# Loading work.l1_icache(fast)
# Loading work.cpu_axi_request_arbiter(fast)
# Loading work.axi_master_wrapper(fast)
# Loading work.axi_interconnect_1m4s(fast)
# Loading work.axi_shared_sram_slave(fast)
# Loading work.axi_sram_controller(fast)
# Loading work.shared_sram_256x32_wrapper(fast)
# Loading work.SRAM1RW256x32(fast)
# Loading work.SRAM1RW256x32_1bit(fast)
# Loading work.axi_instruction_sram_slave(fast)
# Loading work.axi_sram_controller(fast__1)
# Loading work.instruction_sram_256x32_wrapper(fast)
# Loading work.uart_axi_slave(fast)
# Loading work.uart_core(fast)
# Loading work.baud_gen(fast)
# Loading work.rx_sync(fast)
# Loading work.uart_tx(fast)
# Loading work.uart_rx(fast)
# Loading work.aes_axi_slave(fast)
# Loading work.aes_cipher_top(fast)
# Loading work.aes_key_schedule(fast)
# Loading work.aes_key_expand_step(fast)
# Loading work.aes_rot_word(fast)
# Loading work.aes_sub_word(fast)
# Loading work.aes_sbox(fast)
# Loading work.aes_add_round_key(fast)
# Loading work.aes_round(fast)
# Loading work.aes_sub_bytes(fast)
# Loading work.aes_shift_rows(fast)
# Loading work.aes_mix_columns(fast)
# Loading work.aes_round_last(fast)
# 0
# 0
# 0
# 0
# 0
# 0
# 0
# 0
# 0
# 0
# 0
# 0
# 0
# 0
# 0
# 0
# 0
# 0
# 0
# 0
# 0
# 0
# 0
# 0
# 0
# 0
# 0
# 0
# 0
# 0
# 0
# 0
# 0
# 0
# 0
# 0
# 0
# 0
# 0
# 0
# 0
# ============================================================
#  UART BOOT -> INSTRUCTION SRAM -> I-CACHE -> AES-256 TEST
# ============================================================
# ============================================================
#  UART BOOT + AES-256 SYSTEM TEST PASSED
# ============================================================
#  Boot ROM ready response                    : R
#  Firmware words transferred over UART       : 67
#  Boot checksum response                     : K
#  Instruction SRAM AXI AW/W/B                : 67/67/67
#  Instruction refill AXI AR/R                : 68/68
#  L1 I-cache hit/miss cycles                 : 74/17
#  AES-256 ciphertext                         : 8ea2b7ca516745bfeafc49904b496089
# ============================================================
# ** Note: $finish    : /home/trungpham/PROJECT/KLTN/TB/tb_soc_uart_boot.sv(312)
#    Time: 229995 ns  Iteration: 1  Instance: /tb_soc_uart_boot
# Break in NamedBeginStat uart_boot_test at /home/trungpham/PROJECT/KLTN/TB/tb_soc_uart_boot.sv line 312
# Stopped at /home/trungpham/PROJECT/KLTN/TB/tb_soc_uart_boot.sv line 312
#  quit -force
# End time: 16:00:14 on Sep 10,2026, Elapsed time: 0:00:03
# Errors: 0, Warnings: 0
