#-----------------------------------------------------------
# Vivado v2025.2 (64-bit)
# SW Build 6299465 on Fri Nov 14 12:34:56 MST 2025
# IP Build 6300035 on Fri Nov 14 10:48:45 MST 2025
# SharedData Build 6298862 on Thu Nov 13 04:50:51 MST 2025
# Start of session at: Sat Sep 12 17:45:38 2026
# Process ID         : 231319
# Current directory  : /home/trungpham/PROJECT/KLTN
# Command line       : vivado -mode batch -source program_arty_a7.tcl
# Log file           : /home/trungpham/PROJECT/KLTN/vivado.log
# Journal file       : /home/trungpham/PROJECT/KLTN/vivado.jou
# Running On         : trungp1412
# Platform           : rhel
# Operating System   : Red Hat Enterprise Linux 10.2 (Coughlan)"
RELEASE_TYPE=stable
# Processor Detail   : AMD Ryzen AI 9 HX 370 w/ Radeon 890M
# CPU Frequency      : 605.264 MHz
# CPU Physical cores : 12
# CPU Logical cores  : 24
# Host memory        : 32440 MB
# Swap memory        : 16424 MB
# Total Virtual      : 48865 MB
# Available Virtual  : 40842 MB
#-----------------------------------------------------------
source program_arty_a7.tcl
