#-----------------------------------------------------------
# Vivado v2025.2 (64-bit)
# SW Build 6299465 on Fri Nov 14 12:34:56 MST 2025
# IP Build 6300035 on Fri Nov 14 10:48:45 MST 2025
# SharedData Build 6298862 on Thu Nov 13 04:50:51 MST 2025
# Start of session at: Sat Sep 12 17:45:38 2026
# Process ID         : 231319
# Current directory  : /home/trungpham/PROJECT/KLTN
# Command line       : vivado -mode batch -source program_arty_a7.tcl
# Log file           : /home/trungpham/PROJECT/KLTN/vivado.log
# Journal file       : /home/trungpham/PROJECT/KLTN/vivado.jou
# Running On         : trungp1412
# Platform           : rhel
# Operating System   : Red Hat Enterprise Linux 10.2 (Coughlan)"
RELEASE_TYPE=stable
# Processor Detail   : AMD Ryzen AI 9 HX 370 w/ Radeon 890M
# CPU Frequency      : 605.264 MHz
# CPU Physical cores : 12
# CPU Logical cores  : 24
# Host memory        : 32440 MB
# Swap memory        : 16424 MB
# Total Virtual      : 48865 MB
# Available Virtual  : 40842 MB
#-----------------------------------------------------------
source program_arty_a7.tcl
# set root [file normalize [file dirname [info script]]]
# set bitstream [file join $root build arty_a7_100t arty_a7_100t.bit]
# if {[llength $argv] > 0} { set bitstream [file normalize [lindex $argv 0]] }
# if {![file exists $bitstream]} { error "Bitstream missing: $bitstream" }
# open_hw_manager
# connect_hw_server -url localhost:3121
INFO: [Labtools 27-2285] Connecting to hw_server url TCP:localhost:3121
INFO: [Labtools 27-3415] Connecting to cs_server url TCP:localhost:0
INFO: [Labtools 27-3417] Launching cs_server...
INFO: [Labtools 27-2221] Launch Output:


******** Xilinx cs_server v2025.2.0
  ****** Build date   : Nov 14 2025-06:16:52
    **** Build number : 2025.2.1763075812
      ** Copyright 2017-2022 Xilinx, Inc. All Rights Reserved.
      ** Copyright 2022-2026 Advanced Micro Devices, Inc. All Rights Reserved.



# open_hw_target
INFO: [Labtoolstcl 44-466] Opening hw_target localhost:3121/xilinx_tcf/Digilent/210319BE767EA
# set devices [get_hw_devices -filter {PART == "xc7a100t"}]
# if {[llength $devices] != 1} {
#     error "Expected one xc7a100t device; found [llength $devices]: $devices"
# }
# set device [lindex $devices 0]
# current_hw_device $device
# set_property PROGRAM.FILE $bitstream $device
# program_hw_devices $device
INFO: [Labtools 27-3164] End of startup status: HIGH
# puts "Programmed $device with $bitstream"
Programmed xc7a100t_0 with /home/trungpham/PROJECT/KLTN/build/arty_a7_100t/arty_a7_100t.bit
# close_hw_manager
INFO: [Common 17-206] Exiting Vivado at Sat Sep 12 17:45:44 2026...
