BEGIN 3:axi_full_if:fast__1:work
    awburst :  1:axi_master_wrapper:fast:work 1:axi_interconnect_1m4s:fast:work
    wready :  1:axi_master_wrapper:fast:work 1:axi_interconnect_1m4s:fast:work
    rready :  1:axi_master_wrapper:fast:work 1:axi_interconnect_1m4s:fast:work 1:tb_soc_uart_boot:fast:work
    awlen :  1:axi_master_wrapper:fast:work 1:axi_interconnect_1m4s:fast:work
    awprot :  1:axi_master_wrapper:fast:work 1:axi_interconnect_1m4s:fast:work
    wvalid :  1:axi_master_wrapper:fast:work 1:axi_interconnect_1m4s:fast:work
    wdata :  1:axi_master_wrapper:fast:work 1:axi_interconnect_1m4s:fast:work
    bchk :  1:axi_interconnect_1m4s:fast:work
    bid :  1:axi_interconnect_1m4s:fast:work
    wstrb :  1:axi_master_wrapper:fast:work 1:axi_interconnect_1m4s:fast:work
    rlast :  1:axi_master_wrapper:fast:work 1:axi_interconnect_1m4s:fast:work
    bready :  1:axi_master_wrapper:fast:work 1:axi_interconnect_1m4s:fast:work 1:tb_soc_uart_boot:fast:work
    arwakeup :  1:axi_master_wrapper:fast:work 1:axi_interconnect_1m4s:fast:work
    wlast :  1:axi_master_wrapper:fast:work 1:axi_interconnect_1m4s:fast:work
    awchk :  1:axi_master_wrapper:fast:work 1:axi_interconnect_1m4s:fast:work
    arlen :  1:axi_master_wrapper:fast:work 1:axi_interconnect_1m4s:fast:work
    wchk :  1:axi_master_wrapper:fast:work 1:axi_interconnect_1m4s:fast:work
    arsize :  1:axi_master_wrapper:fast:work 1:axi_interconnect_1m4s:fast:work
    bresp :  1:axi_interconnect_1m4s:fast:work 1:tb_soc_uart_boot:fast:work
    rid :  1:axi_interconnect_1m4s:fast:work
    arburst :  1:axi_master_wrapper:fast:work 1:axi_interconnect_1m4s:fast:work
    arprot :  1:axi_master_wrapper:fast:work 1:axi_interconnect_1m4s:fast:work
    awaddr :  1:axi_master_wrapper:fast:work 1:axi_interconnect_1m4s:fast:work
    archk :  1:axi_master_wrapper:fast:work 1:axi_interconnect_1m4s:fast:work
    araddr :  1:axi_master_wrapper:fast:work 1:axi_interconnect_1m4s:fast:work
    arready :  1:axi_master_wrapper:fast:work 1:axi_interconnect_1m4s:fast:work
    clk :  1:axi_interconnect_1m4s:fast:work
    arid :  1:axi_master_wrapper:fast:work 1:axi_interconnect_1m4s:fast:work
    rresp :  1:axi_interconnect_1m4s:fast:work 1:tb_soc_uart_boot:fast:work
    rvalid :  1:axi_master_wrapper:fast:work 1:axi_interconnect_1m4s:fast:work 1:tb_soc_uart_boot:fast:work
    arvalid :  1:axi_master_wrapper:fast:work 1:axi_interconnect_1m4s:fast:work
    bvalid :  1:axi_master_wrapper:fast:work 1:axi_interconnect_1m4s:fast:work 1:tb_soc_uart_boot:fast:work
    rchk :  1:axi_interconnect_1m4s:fast:work
    awvalid :  1:axi_master_wrapper:fast:work 1:axi_interconnect_1m4s:fast:work
    awwakeup :  1:axi_master_wrapper:fast:work 1:axi_interconnect_1m4s:fast:work
    awready :  1:axi_master_wrapper:fast:work 1:axi_interconnect_1m4s:fast:work
    rstn :  1:axi_interconnect_1m4s:fast:work
    awid :  1:axi_master_wrapper:fast:work 1:axi_interconnect_1m4s:fast:work
    awsize :  1:axi_master_wrapper:fast:work 1:axi_interconnect_1m4s:fast:work
    rdata :  1:axi_master_wrapper:fast:work 1:axi_interconnect_1m4s:fast:work
END 
BEGIN 3:axi_full_if:fast__2:work
    awlen :  1:axi_interconnect_1m4s:fast:work 1:axi_sram_controller:fast__1:work 1:axi_sram_controller:fast:work
    bvalid :  1:axi_interconnect_1m4s:fast:work 1:axi_sram_controller:fast__1:work 1:axi_sram_controller:fast:work 1:tb_soc_uart_boot:fast:work
    awwakeup :  1:axi_interconnect_1m4s:fast:work
    arburst :  1:axi_interconnect_1m4s:fast:work
    bchk :  1:axi_interconnect_1m4s:fast:work 1:axi_sram_controller:fast__1:work 1:axi_sram_controller:fast:work
    wvalid :  1:axi_interconnect_1m4s:fast:work 1:axi_sram_controller:fast__1:work 1:axi_sram_controller:fast:work 1:tb_soc_uart_boot:fast:work
    awready :  1:axi_interconnect_1m4s:fast:work 1:axi_sram_controller:fast__1:work 1:axi_sram_controller:fast:work 1:tb_soc_uart_boot:fast:work
    awprot :  1:axi_interconnect_1m4s:fast:work
    rid :  1:axi_interconnect_1m4s:fast:work 1:axi_sram_controller:fast__1:work 1:axi_sram_controller:fast:work
    wready :  1:axi_interconnect_1m4s:fast:work 1:axi_sram_controller:fast__1:work 1:axi_sram_controller:fast:work 1:tb_soc_uart_boot:fast:work
    awchk :  1:axi_interconnect_1m4s:fast:work
    rdata :  1:axi_interconnect_1m4s:fast:work 1:axi_sram_controller:fast__1:work 1:axi_sram_controller:fast:work
    wchk :  1:axi_interconnect_1m4s:fast:work
    rresp :  1:axi_interconnect_1m4s:fast:work 1:axi_sram_controller:fast__1:work 1:axi_sram_controller:fast:work 1:tb_soc_uart_boot:fast:work
    wstrb :  1:axi_interconnect_1m4s:fast:work 1:axi_sram_controller:fast__1:work 1:axi_sram_controller:fast:work 1:tb_soc_uart_boot:fast:work
    awburst :  1:axi_interconnect_1m4s:fast:work
    rlast :  1:axi_interconnect_1m4s:fast:work 1:axi_sram_controller:fast__1:work 1:axi_sram_controller:fast:work
    wlast :  1:axi_interconnect_1m4s:fast:work 1:axi_sram_controller:fast__1:work 1:axi_sram_controller:fast:work
    awsize :  1:axi_interconnect_1m4s:fast:work 1:axi_sram_controller:fast__1:work 1:axi_sram_controller:fast:work
    wdata :  1:axi_interconnect_1m4s:fast:work 1:axi_sram_controller:fast__1:work 1:axi_sram_controller:fast:work 1:tb_soc_uart_boot:fast:work
    bready :  1:axi_interconnect_1m4s:fast:work 1:axi_sram_controller:fast__1:work 1:axi_sram_controller:fast:work 1:tb_soc_uart_boot:fast:work
    awaddr :  1:axi_interconnect_1m4s:fast:work 1:axi_sram_controller:fast__1:work 1:axi_sram_controller:fast:work 1:tb_soc_uart_boot:fast:work
    rchk :  1:axi_interconnect_1m4s:fast:work 1:axi_sram_controller:fast__1:work 1:axi_sram_controller:fast:work
    arvalid :  1:axi_interconnect_1m4s:fast:work 1:axi_sram_controller:fast__1:work 1:axi_sram_controller:fast:work 1:tb_soc_uart_boot:fast:work
    arready :  1:axi_interconnect_1m4s:fast:work 1:axi_sram_controller:fast__1:work 1:axi_sram_controller:fast:work 1:tb_soc_uart_boot:fast:work
    clk :  1:axi_instruction_sram_slave:fast:work 1:axi_sram_controller:fast__1:work 1:axi_sram_controller:fast:work 1:axi_shared_sram_slave:fast:work
    rvalid :  1:axi_interconnect_1m4s:fast:work 1:axi_sram_controller:fast__1:work 1:axi_sram_controller:fast:work 1:tb_soc_uart_boot:fast:work
    araddr :  1:axi_interconnect_1m4s:fast:work 1:axi_sram_controller:fast__1:work 1:axi_sram_controller:fast:work
    rstn :  1:axi_sram_controller:fast__1:work 1:axi_sram_controller:fast:work
    arid :  1:axi_interconnect_1m4s:fast:work 1:axi_sram_controller:fast__1:work 1:axi_sram_controller:fast:work
    arlen :  1:axi_interconnect_1m4s:fast:work 1:axi_sram_controller:fast__1:work 1:axi_sram_controller:fast:work
    arwakeup :  1:axi_interconnect_1m4s:fast:work
    arsize :  1:axi_interconnect_1m4s:fast:work 1:axi_sram_controller:fast__1:work 1:axi_sram_controller:fast:work
    awvalid :  1:axi_interconnect_1m4s:fast:work 1:axi_sram_controller:fast__1:work 1:axi_sram_controller:fast:work 1:tb_soc_uart_boot:fast:work
    rready :  1:axi_interconnect_1m4s:fast:work 1:axi_sram_controller:fast__1:work 1:axi_sram_controller:fast:work 1:tb_soc_uart_boot:fast:work
    arprot :  1:axi_interconnect_1m4s:fast:work
    bid :  1:axi_interconnect_1m4s:fast:work 1:axi_sram_controller:fast__1:work 1:axi_sram_controller:fast:work
    awid :  1:axi_interconnect_1m4s:fast:work 1:axi_sram_controller:fast__1:work 1:axi_sram_controller:fast:work
    archk :  1:axi_interconnect_1m4s:fast:work
    bresp :  1:axi_interconnect_1m4s:fast:work 1:axi_sram_controller:fast__1:work 1:axi_sram_controller:fast:work 1:tb_soc_uart_boot:fast:work
END 
BEGIN 1:register_file:fast:work
    registers :  1:tb_soc_uart_boot:fast:work
END 
BEGIN 1:soc_top:fast:work
    icache_hit :  1:tb_soc_uart_boot:fast:work
    icache_invalidate :  1:tb_soc_uart_boot:fast:work
    icache_miss :  1:tb_soc_uart_boot:fast:work
END 
BEGIN 1:aes_axi_slave:fast:work
    ct_q :  1:tb_soc_uart_boot:fast:work
END 
BEGIN 3:axi_full_if:fast__3:work
    awprot :  1:axi_interconnect_1m4s:fast:work
    bchk :  1:axi_interconnect_1m4s:fast:work 1:uart_axi_slave:fast:work 1:aes_axi_slave:fast:work
    awlen :  1:axi_interconnect_1m4s:fast:work 1:uart_axi_slave:fast:work 1:aes_axi_slave:fast:work
    awchk :  1:axi_interconnect_1m4s:fast:work
    rid :  1:axi_interconnect_1m4s:fast:work 1:uart_axi_slave:fast:work 1:aes_axi_slave:fast:work
    awsize :  1:axi_interconnect_1m4s:fast:work 1:uart_axi_slave:fast:work 1:aes_axi_slave:fast:work
    wchk :  1:axi_interconnect_1m4s:fast:work
    rdata :  1:axi_interconnect_1m4s:fast:work 1:uart_axi_slave:fast:work 1:aes_axi_slave:fast:work
    wvalid :  1:axi_interconnect_1m4s:fast:work 1:uart_axi_slave:fast:work 1:aes_axi_slave:fast:work
    rresp :  1:axi_interconnect_1m4s:fast:work 1:uart_axi_slave:fast:work 1:aes_axi_slave:fast:work
    wready :  1:axi_interconnect_1m4s:fast:work 1:uart_axi_slave:fast:work 1:aes_axi_slave:fast:work
    rlast :  1:axi_interconnect_1m4s:fast:work 1:uart_axi_slave:fast:work 1:aes_axi_slave:fast:work
    wdata :  1:axi_interconnect_1m4s:fast:work 1:uart_axi_slave:fast:work 1:aes_axi_slave:fast:work
    rvalid :  1:axi_interconnect_1m4s:fast:work 1:uart_axi_slave:fast:work 1:aes_axi_slave:fast:work
    wstrb :  1:axi_interconnect_1m4s:fast:work 1:uart_axi_slave:fast:work 1:aes_axi_slave:fast:work
    awburst :  1:axi_interconnect_1m4s:fast:work
    rchk :  1:axi_interconnect_1m4s:fast:work 1:uart_axi_slave:fast:work 1:aes_axi_slave:fast:work
    wlast :  1:axi_interconnect_1m4s:fast:work 1:uart_axi_slave:fast:work 1:aes_axi_slave:fast:work
    bready :  1:axi_interconnect_1m4s:fast:work 1:uart_axi_slave:fast:work 1:aes_axi_slave:fast:work
    arvalid :  1:axi_interconnect_1m4s:fast:work 1:uart_axi_slave:fast:work 1:aes_axi_slave:fast:work
    araddr :  1:axi_interconnect_1m4s:fast:work 1:uart_axi_slave:fast:work 1:aes_axi_slave:fast:work
    arready :  1:axi_interconnect_1m4s:fast:work 1:uart_axi_slave:fast:work 1:aes_axi_slave:fast:work
    rready :  1:axi_interconnect_1m4s:fast:work 1:uart_axi_slave:fast:work 1:aes_axi_slave:fast:work
    arid :  1:axi_interconnect_1m4s:fast:work 1:uart_axi_slave:fast:work 1:aes_axi_slave:fast:work
    clk :  1:uart_axi_slave:fast:work 1:aes_axi_slave:fast:work
    arlen :  1:axi_interconnect_1m4s:fast:work 1:uart_axi_slave:fast:work 1:aes_axi_slave:fast:work
    rstn :  1:uart_axi_slave:fast:work 1:aes_axi_slave:fast:work
    arprot :  1:axi_interconnect_1m4s:fast:work
    arsize :  1:axi_interconnect_1m4s:fast:work 1:uart_axi_slave:fast:work 1:aes_axi_slave:fast:work
    awvalid :  1:axi_interconnect_1m4s:fast:work 1:uart_axi_slave:fast:work 1:aes_axi_slave:fast:work
    archk :  1:axi_interconnect_1m4s:fast:work
    arwakeup :  1:axi_interconnect_1m4s:fast:work
    bid :  1:axi_interconnect_1m4s:fast:work 1:uart_axi_slave:fast:work 1:aes_axi_slave:fast:work
    awready :  1:axi_interconnect_1m4s:fast:work 1:uart_axi_slave:fast:work 1:aes_axi_slave:fast:work
    bresp :  1:axi_interconnect_1m4s:fast:work 1:uart_axi_slave:fast:work 1:aes_axi_slave:fast:work
    awaddr :  1:axi_interconnect_1m4s:fast:work 1:uart_axi_slave:fast:work 1:aes_axi_slave:fast:work
    awwakeup :  1:axi_interconnect_1m4s:fast:work
    arburst :  1:axi_interconnect_1m4s:fast:work
    bvalid :  1:axi_interconnect_1m4s:fast:work 1:uart_axi_slave:fast:work 1:aes_axi_slave:fast:work
    awid :  1:axi_interconnect_1m4s:fast:work 1:uart_axi_slave:fast:work 1:aes_axi_slave:fast:work
END 
BEGIN 1:risc_top:fast:work
    pc_debug :  1:tb_soc_uart_boot:fast:work
    instr_debug :  1:tb_soc_uart_boot:fast:work
END 
