reg__4: soc_top__GB2, 
logic__423: soc_top__GB2, 
logic__508: soc_top__GB2, 
reg__74: soc_top__GB2, 
reg__190: soc_top__GB1, 
case__51: soc_top__GB2, 
case__596: soc_top__GB1, 
logic__1399: soc_top__GB1, 
case__323: soc_top__GB2, 
immediate_generator: soc_top__GB2, 
case__301: soc_top__GB2, 
reg__26: soc_top__GB2, 
case__716: soc_top__GB1, 
reg__112: soc_top__GB2, 
logic__1409: soc_top__GB1, 
case__795: aes_axi_slave, 
case__196: soc_top__GB2, 
logic__985: soc_top__GB1, 
case__400: soc_top__GB2, 
logic__1101: soc_top__GB1, 
case__460: soc_top__GB1, 
logic__1154: soc_top__GB1, 
logic__1386: soc_top__GB1, 
case__240: soc_top__GB2, 
write_back_mux: soc_top__GB2, 
case__634: soc_top__GB1, 
muxpart__10: soc_top__GB2, 
case__530: soc_top__GB1, 
logic__1268: soc_top__GB1, 
case__349: soc_top__GB2, 
reg__79: soc_top__GB2, 
logic__1341: soc_top__GB1, 
logic__1485: aes_axi_slave, 
logic__569: soc_top__GB2, 
case__73: soc_top__GB2, 
case__567: soc_top__GB1, 
case__695: soc_top__GB1, 
case__729: soc_top__GB1, 
case__384: soc_top__GB2, 
case__187: soc_top__GB2, 
reg__336: aes_axi_slave, 
case__291: soc_top__GB2, 
reg__299: aes_axi_slave, 
case__581: soc_top__GB1, 
reg__227: soc_top__GB1, 
logic__327: soc_top__GB2, 
reg__37: soc_top__GB2, 
logic__601: soc_top__GB2, 
case__28: soc_top__GB2, 
logic__1464: soc_top__GB1, 
logic__690: soc_top__GB1, 
reg__137: soc_top__GB2, 
case__466: soc_top__GB1, 
case__190: soc_top__GB2, 
logic__382: soc_top__GB2, 
logic__500: soc_top__GB2, 
aes_key_schedule: aes_axi_slave, 
case__672: soc_top__GB1, 
case__232: soc_top__GB2, 
case__419: soc_top__GB2, 
case__356: soc_top__GB2, 
logic__130: soc_top__GB2, 
case__388: soc_top__GB2, 
case__511: soc_top__GB1, 
case__692: soc_top__GB1, 
logic__1406: soc_top__GB1, 
case__389: soc_top__GB2, 
reg__28: soc_top__GB2, 
logic: soc_top__GB2, 
case__675: soc_top__GB1, 
logic__686: soc_top__GB1, 
case__545: soc_top__GB1, 
logic__491: soc_top__GB2, 
logic__1620: aes_axi_slave, 
logic__545: soc_top__GB2, 
case__19: soc_top__GB2, 
case__440: soc_top__GB1, 
logic__576: soc_top__GB2, 
reg__122: soc_top__GB2, 
logic__480: soc_top__GB2, 
case__151: soc_top__GB2, 
case__3: soc_top__GB2, 
reg__285: aes_axi_slave, 
muxpart__92: aes_axi_slave, 
muxpart__90: aes_axi_slave, 
logic__151: soc_top__GB2, 
logic__421: soc_top__GB2, 
logic__405: soc_top__GB2, 
reg__245: soc_top__GB1, 
logic__723: soc_top__GB1, 
case__746: soc_top__GB1, 
datapath__15: soc_top__GB1, 
case__48: soc_top__GB2, 
case__613: soc_top__GB1, 
logic__625: soc_top__GB1, 
logic__1192: soc_top__GB1, 
case__179: soc_top__GB2, 
reg__254: soc_top__GB1, 
case__757: aes_axi_slave, 
logic__236: soc_top__GB2, 
case__751: soc_top__GB1, 
reg__224: soc_top__GB1, 
logic__1495: aes_axi_slave, 
reg__328: aes_axi_slave, 
reg__30: soc_top__GB2, 
logic__1221: soc_top__GB1, 
logic__88: soc_top__GB2, 
reg__332: aes_axi_slave, 
reg__60: soc_top__GB2, 
axi_interconnect_1m4s: soc_top__GB1, 
case__50: soc_top__GB2, 
extram__2: soc_top__GB1, 
logic__137: soc_top__GB2, 
logic__1195: soc_top__GB1, 
logic__511: soc_top__GB2, 
logic__1483: aes_axi_slave, 
case__753: aes_axi_slave, 
reg__149: soc_top__GB2, 
datapath__7: soc_top__GB2, 
case__178: soc_top__GB2, 
logic__1491: aes_axi_slave, 
case__367: soc_top__GB2, 
logic__1263: soc_top__GB1, 
reg__238: soc_top__GB1, 
logic__400: soc_top__GB2, 
logic__596: soc_top__GB2, 
case__35: soc_top__GB2, 
logic__496: soc_top__GB2, 
logic__1590: aes_axi_slave, 
case__701: soc_top__GB1, 
logic__349: soc_top__GB2, 
case__415: soc_top__GB2, 
pc_imm: soc_top__GB2, 
case__34: soc_top__GB2, 
reg__264: aes_axi_slave, 
reg__278: aes_axi_slave, 
case__778: aes_axi_slave, 
reg__12: soc_top__GB2, 
logic__1610: aes_axi_slave, 
reg__63: soc_top__GB2, 
case__578: soc_top__GB1, 
case__505: soc_top__GB1, 
case__560: soc_top__GB1, 
reg__297: aes_axi_slave, 
case__67: soc_top__GB2, 
logic__1422: soc_top__GB1, 
logic__554: soc_top__GB2, 
case__764: aes_axi_slave, 
case__72: soc_top__GB2, 
case__224: soc_top__GB2, 
case__23: soc_top__GB2, 
case__420: soc_top__GB2, 
logic__446: soc_top__GB2, 
logic__1155: soc_top__GB1, 
muxpart__102: aes_axi_slave, 
logic__538: soc_top__GB2, 
case__314: soc_top__GB2, 
logic__1482: aes_axi_slave, 
case__676: soc_top__GB1, 
reg__232: soc_top__GB1, 
reg__54: soc_top__GB2, 
case__289: soc_top__GB2, 
case__82: soc_top__GB2, 
logic__1538: aes_axi_slave, 
logic__837: soc_top__GB1, 
reg__70: soc_top__GB2, 
logic__580: soc_top__GB2, 
muxpart__12: soc_top__GB2, 
case__589: soc_top__GB1, 
logic__410: soc_top__GB2, 
case__106: soc_top__GB2, 
reg__208: soc_top__GB1, 
reg__258: soc_top__GB1, 
case__554: soc_top__GB1, 
muxpart__13: soc_top__GB2, 
muxpart__103: aes_axi_slave, 
logic__1435: soc_top__GB1, 
logic__529: soc_top__GB2, 
case__745: soc_top__GB1, 
case__677: soc_top__GB1, 
reg__237: soc_top__GB1, 
case__431: soc_top__GB2, 
case__296: soc_top__GB2, 
logic__363: soc_top__GB2, 
logic__63: soc_top__GB2, 
case__699: soc_top__GB1, 
case__199: soc_top__GB2, 
case__49: soc_top__GB2, 
aes_mix_columns: aes_axi_slave, 
logic__1397: soc_top__GB1, 
logic__560: soc_top__GB2, 
logic__1321: soc_top__GB1, 
reg__59: soc_top__GB2, 
case__748: soc_top__GB1, 
case__157: soc_top__GB2, 
case__385: soc_top__GB2, 
logic__407: soc_top__GB2, 
case__727: soc_top__GB1, 
case__411: soc_top__GB2, 
logic__1658: aes_axi_slave, 
case__221: soc_top__GB2, 
logic__600: soc_top__GB2, 
logic__1: soc_top__GB2, 
logic__528: soc_top__GB2, 
case__478: soc_top__GB1, 
case__587: soc_top__GB1, 
case__177: soc_top__GB2, 
instruction_memory: soc_top__GB2, 
logic__249: soc_top__GB2, 
case__258: soc_top__GB2, 
case__583: soc_top__GB1, 
case__671: soc_top__GB1, 
case__486: soc_top__GB1, 
muxpart__8: soc_top__GB2, 
logic__358: soc_top__GB2, 
logic__124: soc_top__GB2, 
case__662: soc_top__GB1, 
case__726: soc_top__GB1, 
reg__173: soc_top__GB1, 
case__626: soc_top__GB1, 
logic__925: soc_top__GB1, 
logic__46: soc_top__GB2, 
logic__514: soc_top__GB2, 
case__310: soc_top__GB2, 
case__544: soc_top__GB1, 
reg__201: soc_top__GB1, 
reg__97: soc_top__GB2, 
case__743: soc_top__GB1, 
logic__505: soc_top__GB2, 
logic__1219: soc_top__GB1, 
reg__140: soc_top__GB2, 
logic__1655: aes_axi_slave, 
logic__1532: aes_axi_slave, 
case__150: soc_top__GB2, 
logic__720: soc_top__GB1, 
case__418: soc_top__GB2, 
case__722: soc_top__GB1, 
case__700: soc_top__GB1, 
reg__243: soc_top__GB1, 
logic__352: soc_top__GB2, 
logic__469: soc_top__GB2, 
case__249: soc_top__GB2, 
case__543: soc_top__GB1, 
logic__1206: soc_top__GB1, 
reg__68: soc_top__GB2, 
reg__257: soc_top__GB1, 
logic__41: soc_top__GB2, 
case__379: soc_top__GB2, 
reg__11: soc_top__GB2, 
case__534: soc_top__GB1, 
logic__568: soc_top__GB2, 
case__472: soc_top__GB1, 
case__290: soc_top__GB2, 
logic__1451: soc_top__GB1, 
case__783: aes_axi_slave, 
case__612: soc_top__GB1, 
reg__153: soc_top__GB2, 
logic__377: soc_top__GB2, 
case__383: soc_top__GB2, 
logic__417: soc_top__GB2, 
case__345: soc_top__GB2, 
reg__20: soc_top__GB2, 
logic__413: soc_top__GB2, 
reg__274: aes_axi_slave, 
case__734: soc_top__GB1, 
logic__1665: soc_top__GB2, 
logic__179: soc_top__GB2, 
logic__381: soc_top__GB2, 
case__98: soc_top__GB2, 
case__593: soc_top__GB1, 
reg__69: soc_top__GB2, 
aes_sub_bytes: aes_axi_slave, 
logic__419: soc_top__GB2, 
case__246: soc_top__GB2, 
reg__219: soc_top__GB1, 
logic__570: soc_top__GB2, 
logic__1595: aes_axi_slave, 
logic__696: soc_top__GB1, 
reg__131: soc_top__GB2, 
logic__391: soc_top__GB2, 
case__658: soc_top__GB1, 
logic__250: soc_top__GB2, 
case__473: soc_top__GB1, 
case__304: soc_top__GB2, 
logic__1199: soc_top__GB1, 
case__184: soc_top__GB2, 
case__556: soc_top__GB1, 
case__600: soc_top__GB1, 
reg__256: soc_top__GB1, 
logic__98: soc_top__GB2, 
logic__1518: aes_axi_slave, 
logic__36: soc_top__GB2, 
reg__58: soc_top__GB2, 
logic__444: soc_top__GB2, 
reg__85: soc_top__GB2, 
reg__38: soc_top__GB2, 
logic__721: soc_top__GB1, 
logic__330: soc_top__GB2, 
logic__1426: soc_top__GB1, 
reg__9: soc_top__GB2, 
case__133: soc_top__GB2, 
case__566: soc_top__GB1, 
case__113: soc_top__GB2, 
case__206: soc_top__GB2, 
logic__277: soc_top__GB2, 
case__267: soc_top__GB2, 
case__46: soc_top__GB2, 
case__441: soc_top__GB1, 
logic__1474: aes_axi_slave, 
case__366: soc_top__GB2, 
logic__1291: soc_top__GB1, 
case__77: soc_top__GB2, 
case__227: soc_top__GB2, 
logic__502: soc_top__GB2, 
case__239: soc_top__GB2, 
case__463: soc_top__GB1, 
case__38: soc_top__GB2, 
reg__123: soc_top__GB2, 
logic__1217: soc_top__GB1, 
aes_round_last: aes_axi_slave, 
case__741: soc_top__GB1, 
case__63: soc_top__GB2, 
case__479: soc_top__GB1, 
muxpart: soc_top__GB2, 
logic__465: soc_top__GB2, 
case__193: soc_top__GB2, 
pc_adder: soc_top__GB2, 
case__750: soc_top__GB1, 
reg__247: soc_top__GB1, 
reg__128: soc_top__GB2, 
case__331: soc_top__GB2, 
reg__102: soc_top__GB2, 
case__279: soc_top__GB2, 
case__630: soc_top__GB1, 
logic__1494: aes_axi_slave, 
logic__1527: aes_axi_slave, 
logic__1580: aes_axi_slave, 
logic__337: soc_top__GB2, 
case__474: soc_top__GB1, 
logic__454: soc_top__GB2, 
case__170: soc_top__GB2, 
case__163: soc_top__GB2, 
reg__292: aes_axi_slave, 
case__91: soc_top__GB2, 
logic__1445: soc_top__GB1, 
case__165: soc_top__GB2, 
case__559: soc_top__GB1, 
case__336: soc_top__GB2, 
logic__1667: soc_top__GB2, 
logic__103: soc_top__GB2, 
reg__228: soc_top__GB1, 
case__298: soc_top__GB2, 
case__161: soc_top__GB2, 
reg__293: aes_axi_slave, 
logic__1478: aes_axi_slave, 
case__500: soc_top__GB1, 
logic__498: soc_top__GB2, 
reg__106: soc_top__GB2, 
case__340: soc_top__GB2, 
reg__261: soc_top__GB1, 
case__552: soc_top__GB1, 
logic__305: soc_top__GB2, 
aes_axi_slave: aes_axi_slave, 
case__603: soc_top__GB1, 
logic__507: soc_top__GB2, 
case__219: soc_top__GB2, 
logic__394: soc_top__GB2, 
aes_shift_rows: aes_axi_slave, 
reg__87: soc_top__GB2, 
reg__203: soc_top__GB1, 
case__790: aes_axi_slave, 
case__341: soc_top__GB2, 
reg__213: soc_top__GB1, 
case__377: soc_top__GB2, 
reg__21: soc_top__GB2, 
logic__399: soc_top__GB2, 
reg__76: soc_top__GB2, 
reg__226: soc_top__GB1, 
logic__291: soc_top__GB2, 
logic__433: soc_top__GB2, 
reg__196: soc_top__GB1, 
logic__215: soc_top__GB2, 
logic__353: soc_top__GB2, 
case__144: soc_top__GB2, 
reg__306: aes_axi_slave, 
logic__365: soc_top__GB2, 
reg__288: aes_axi_slave, 
case__494: soc_top__GB1, 
case__118: soc_top__GB2, 
datapath__5: soc_top__GB2, 
logic__542: soc_top__GB2, 
case__664: soc_top__GB1, 
case__237: soc_top__GB2, 
case__168: soc_top__GB2, 
case__548: soc_top__GB1, 
logic__320: soc_top__GB2, 
reg__2: soc_top__GB2, 
case__519: soc_top__GB1, 
counter__1: soc_top__GB1, 
reg__151: soc_top__GB2, 
reg__209: soc_top__GB1, 
case__66: soc_top__GB2, 
logic__425: soc_top__GB2, 
datapath__19: soc_top__GB1, 
case__350: soc_top__GB2, 
case__775: aes_axi_slave, 
aes_rot_word: aes_axi_slave, 
case__235: soc_top__GB2, 
logic__385: soc_top__GB2, 
aes_key_expand_step: aes_axi_slave, 
reg__41: soc_top__GB2, 
case__57: soc_top__GB2, 
reg__244: soc_top__GB1, 
case__112: soc_top__GB2, 
case__625: soc_top__GB1, 
case__269: soc_top__GB2, 
case__140: soc_top__GB2, 
case__110: soc_top__GB2, 
logic__548: soc_top__GB2, 
datapath__13: soc_top__GB1, 
reg__156: soc_top__GB2, 
logic__1379: soc_top__GB1, 
case__17: soc_top__GB2, 
logic__1335: soc_top__GB1, 
logic__361: soc_top__GB2, 
case__183: soc_top__GB2, 
logic__1401: soc_top__GB1, 
logic__1473: aes_axi_slave, 
case__390: soc_top__GB2, 
case__353: soc_top__GB2, 
logic__159: soc_top__GB2, 
reg__339: aes_axi_slave, 
case__595: soc_top__GB1, 
reg__160: soc_top__GB2, 
reg__240: soc_top__GB1, 
reg__5: soc_top__GB2, 
case__572: soc_top__GB1, 
case__136: soc_top__GB2, 
case__504: soc_top__GB1, 
case__574: soc_top__GB1, 
case__488: soc_top__GB1, 
muxpart__96: aes_axi_slave, 
logic__525: soc_top__GB2, 
reg__338: aes_axi_slave, 
case__40: soc_top__GB2, 
logic__285: soc_top__GB2, 
soc_top__GB1: soc_top__GB1, 
case__222: soc_top__GB2, 
logic__376: soc_top__GB2, 
case__779: aes_axi_slave, 
case__211: soc_top__GB2, 
logic__43: soc_top__GB2, 
case__27: soc_top__GB2, 
case__373: soc_top__GB2, 
case__11: soc_top__GB2, 
logic__437: soc_top__GB2, 
case__435: soc_top__GB2, 
logic__1525: aes_axi_slave, 
muxpart__3: soc_top__GB2, 
logic__1138: soc_top__GB1, 
case__481: soc_top__GB1, 
case__398: soc_top__GB2, 
case__586: soc_top__GB1, 
case__728: soc_top__GB1, 
logic__1523: aes_axi_slave, 
logic__789: soc_top__GB1, 
case__386: soc_top__GB2, 
case__25: soc_top__GB2, 
logic__372: soc_top__GB2, 
logic__1571: aes_axi_slave, 
logic__1045: soc_top__GB1, 
reg__141: soc_top__GB2, 
reg__7: soc_top__GB2, 
logic__499: soc_top__GB2, 
muxpart__100: aes_axi_slave, 
case__437: soc_top__GB2, 
case__421: soc_top__GB2, 
muxpart__11: soc_top__GB2, 
reg__93: soc_top__GB2, 
case__555: soc_top__GB1, 
logic__82: soc_top__GB2, 
reg__134: soc_top__GB2, 
case__292: soc_top__GB2, 
logic__1404: soc_top__GB1, 
case__767: aes_axi_slave, 
logic__42: soc_top__GB2, 
reg__184: soc_top__GB1, 
case__402: soc_top__GB2, 
case__532: soc_top__GB1, 
case__691: soc_top__GB1, 
case__387: soc_top__GB2, 
logic__371: soc_top__GB2, 
reg__161: soc_top__GB2, 
logic__1373: soc_top__GB1, 
logic__37: soc_top__GB2, 
reg__340: aes_axi_slave, 
logic__1140: soc_top__GB1, 
logic__1260: soc_top__GB1, 
logic__536: soc_top__GB2, 
case__632: soc_top__GB1, 
case__546: soc_top__GB1, 
case__5: soc_top__GB2, 
case__352: soc_top__GB2, 
logic__109: soc_top__GB2, 
case__138: soc_top__GB2, 
uart_axi_slave: soc_top__GB1, 
case__62: soc_top__GB2, 
logic__965: soc_top__GB1, 
case__231: soc_top__GB2, 
logic__1461: soc_top__GB1, 
reg__286: aes_axi_slave, 
case__731: soc_top__GB1, 
SRAM1RW256x32: soc_top__GB1, 
case__348: soc_top__GB2, 
logic__383: soc_top__GB2, 
logic__1286: soc_top__GB1, 
muxpart__5: soc_top__GB2, 
case__194: soc_top__GB2, 
reg__164: soc_top__GB2, 
case__774: aes_axi_slave, 
case__374: soc_top__GB2, 
reg__113: soc_top__GB2, 
logic__1329: soc_top__GB1, 
case__360: soc_top__GB2, 
reg__222: soc_top__GB1, 
logic__1526: aes_axi_slave, 
reg__202: soc_top__GB1, 
shared_sram_256x32_wrapper: soc_top__GB1, 
logic__889: soc_top__GB1, 
logic__483: soc_top__GB2, 
logic__579: soc_top__GB2, 
case__254: soc_top__GB2, 
reg__321: aes_axi_slave, 
logic__1569: aes_axi_slave, 
logic__1470: soc_top__GB1, 
reg__52: soc_top__GB2, 
case__31: soc_top__GB2, 
case__69: soc_top__GB2, 
case__549: soc_top__GB1, 
reg__13: soc_top__GB2, 
logic__342: soc_top__GB2, 
logic__1212: soc_top__GB1, 
case__496: soc_top__GB1, 
logic__359: soc_top__GB2, 
case__127: soc_top__GB2, 
axi_sram_controller__parameterized0: soc_top__GB1, 
case__719: soc_top__GB1, 
muxpart__2: soc_top__GB2, 
case__406: soc_top__GB2, 
case__598: soc_top__GB1, 
logic__1292: soc_top__GB1, 
case__393: soc_top__GB2, 
case__313: soc_top__GB2, 
reg__82: soc_top__GB2, 
case__97: soc_top__GB2, 
case__83: soc_top__GB2, 
muxpart__17: soc_top__GB2, 
reg: soc_top__GB2, 
case__160: soc_top__GB2, 
case__601: soc_top__GB1, 
logic__475: soc_top__GB2, 
logic__1564: aes_axi_slave, 
case__316: soc_top__GB2, 
logic__388: soc_top__GB2, 
case__100: soc_top__GB2, 
case__357: soc_top__GB2, 
case__263: soc_top__GB2, 
case__148: soc_top__GB2, 
case__471: soc_top__GB1, 
case__414: soc_top__GB2, 
logic__97: soc_top__GB2, 
logic__565: soc_top__GB2, 
case__311: soc_top__GB2, 
reg__104: soc_top__GB2, 
reg__179: soc_top__GB1, 
reg__341: soc_top__GB2, 
reg__90: soc_top__GB2, 
reg__40: soc_top__GB2, 
case__776: aes_axi_slave, 
reg__133: soc_top__GB2, 
case__241: soc_top__GB2, 
case__125: soc_top__GB2, 
reg__193: soc_top__GB1, 
reg__324: aes_axi_slave, 
logic__1290: soc_top__GB1, 
reg__136: soc_top__GB2, 
axi_sram_controller: soc_top__GB1, 
logic__187: soc_top__GB2, 
logic__1232: soc_top__GB1, 
logic__518: soc_top__GB2, 
case__228: soc_top__GB2, 
reg__188: soc_top__GB1, 
case__694: soc_top__GB1, 
logic__504: soc_top__GB2, 
case__732: soc_top__GB1, 
reg__105: soc_top__GB2, 
case__413: soc_top__GB2, 
reg__146: soc_top__GB2, 
case__409: soc_top__GB2, 
datapath__11: soc_top__GB2, 
case__690: soc_top__GB1, 
case__64: soc_top__GB2, 
logic__516: soc_top__GB2, 
logic__521: soc_top__GB2, 
reg__101: soc_top__GB2, 
case__563: soc_top__GB1, 
case__175: soc_top__GB2, 
logic__402: soc_top__GB2, 
logic__201: soc_top__GB2, 
case__644: soc_top__GB1, 
case__78: soc_top__GB2, 
logic__393: soc_top__GB2, 
keep__2: soc_top__GB2, 
case__213: soc_top__GB2, 
logic__544: soc_top__GB2, 
case__245: soc_top__GB2, 
logic__590: soc_top__GB2, 
logic__1563: aes_axi_slave, 
logic__584: soc_top__GB2, 
muxpart__87: aes_axi_slave, 
logic__462: soc_top__GB2, 
case__14: soc_top__GB2, 
logic__96: soc_top__GB2, 
logic__725: soc_top__GB1, 
reg__316: aes_axi_slave, 
logic__1519: aes_axi_slave, 
logic__392: soc_top__GB2, 
reg__239: soc_top__GB1, 
ram: soc_top__GB2, 
case__32: soc_top__GB2, 
case__585: soc_top__GB1, 
logic__56: soc_top__GB2, 
reg__94: soc_top__GB2, 
logic__567: soc_top__GB2, 
case__666: soc_top__GB1, 
case__571: soc_top__GB1, 
case__470: soc_top__GB1, 
logic__1153: soc_top__GB1, 
case__796: aes_axi_slave, 
case__306: soc_top__GB2, 
logic__1566: aes_axi_slave, 
case__264: soc_top__GB2, 
logic__1440: soc_top__GB1, 
case__721: soc_top__GB1, 
logic__1537: aes_axi_slave, 
logic__526: soc_top__GB2, 
reg__64: soc_top__GB2, 
logic__1487: aes_axi_slave, 
logic__298: soc_top__GB2, 
logic__1342: soc_top__GB1, 
case__282: soc_top__GB2, 
case__523: soc_top__GB1, 
reg__154: soc_top__GB2, 
reg__326: aes_axi_slave, 
reg__84: soc_top__GB2, 
logic__339: soc_top__GB2, 
logic__533: soc_top__GB2, 
logic__1410: soc_top__GB1, 
logic__705: soc_top__GB1, 
logic__374: soc_top__GB2, 
logic__264: soc_top__GB2, 
logic__152: soc_top__GB2, 
logic__537: soc_top__GB2, 
case__307: soc_top__GB2, 
logic__1202: soc_top__GB1, 
case__132: soc_top__GB2, 
logic__472: soc_top__GB2, 
axi_instruction_sram_slave: soc_top__GB1, 
logic__62: soc_top__GB2, 
logic__350: soc_top__GB2, 
logic__1551: aes_axi_slave, 
logic__368: soc_top__GB2, 
muxpart__105: aes_axi_slave, 
case__208: soc_top__GB2, 
muxpart__91: aes_axi_slave, 
reg__8: soc_top__GB2, 
case__477: soc_top__GB1, 
case__733: soc_top__GB1, 
muxpart__88: aes_axi_slave, 
case__274: soc_top__GB2, 
case__791: aes_axi_slave, 
logic__1338: soc_top__GB1, 
logic__459: soc_top__GB2, 
case__333: soc_top__GB2, 
logic__375: soc_top__GB2, 
case__293: soc_top__GB2, 
case__667: soc_top__GB1, 
reg__300: aes_axi_slave, 
case__124: soc_top__GB2, 
case__408: soc_top__GB2, 
case__251: soc_top__GB2, 
logic__1139: soc_top__GB1, 
reg__212: soc_top__GB1, 
case__793: aes_axi_slave, 
case__490: soc_top__GB1, 
logic__571: soc_top__GB2, 
case__509: soc_top__GB1, 
case__794: aes_axi_slave, 
case__715: soc_top__GB1, 
reg__148: soc_top__GB2, 
logic__145: soc_top__GB2, 
case__777: aes_axi_slave, 
logic__360: soc_top__GB2, 
reg__172: soc_top__GB1, 
logic__543: soc_top__GB2, 
reg__95: soc_top__GB2, 
logic__466: soc_top__GB2, 
logic__1168: soc_top__GB1, 
case__137: soc_top__GB2, 
reg__50: soc_top__GB2, 
logic__221: soc_top__GB2, 
reg__75: soc_top__GB2, 
case__788: aes_axi_slave, 
reg__49: soc_top__GB2, 
logic__436: soc_top__GB2, 
reg__71: soc_top__GB2, 
reg__100: soc_top__GB2, 
case__248: soc_top__GB2, 
case__749: soc_top__GB1, 
logic__390: soc_top__GB2, 
logic__1528: aes_axi_slave, 
logic__694: soc_top__GB1, 
case__380: soc_top__GB2, 
case__20: soc_top__GB2, 
reg__323: aes_axi_slave, 
case__54: soc_top__GB2, 
logic__52: soc_top__GB2, 
logic__688: soc_top__GB1, 
logic__534: soc_top__GB2, 
logic__1285: soc_top__GB1, 
case__225: soc_top__GB2, 
logic__453: soc_top__GB2, 
reg__271: aes_axi_slave, 
logic__434: soc_top__GB2, 
reg__272: aes_axi_slave, 
case__36: soc_top__GB2, 
case__492: soc_top__GB1, 
axi_master_wrapper: soc_top__GB1, 
case__12: soc_top__GB2, 
logic__684: soc_top__GB1, 
keep__9: soc_top__GB2, 
logic__1271: soc_top__GB1, 
logic__334: soc_top__GB2, 
logic__447: soc_top__GB2, 
reg__15: soc_top__GB2, 
logic__527: soc_top__GB2, 
reg__233: soc_top__GB1, 
case__768: aes_axi_slave, 
reg__205: soc_top__GB1, 
logic__1193: soc_top__GB1, 
logic__312: soc_top__GB2, 
case__162: soc_top__GB2, 
muxpart__9: soc_top__GB2, 
logic__989: soc_top__GB1, 
case__130: soc_top__GB2, 
case__247: soc_top__GB2, 
case__436: soc_top__GB2, 
logic__235: soc_top__GB2, 
logic__1198: soc_top__GB1, 
reg__139: soc_top__GB2, 
logic__558: soc_top__GB2, 
logic__510: soc_top__GB2, 
logic__681: soc_top__GB1, 
logic__58: soc_top__GB2, 
reg__108: soc_top__GB2, 
logic__1552: aes_axi_slave, 
reg__296: aes_axi_slave, 
case__47: soc_top__GB2, 
case__773: aes_axi_slave, 
reg__303: aes_axi_slave, 
logic__1439: soc_top__GB1, 
case__798: aes_axi_slave, 
reg__103: soc_top__GB2, 
logic__131: soc_top__GB2, 
case__754: aes_axi_slave, 
logic__207: soc_top__GB2, 
logic__87: soc_top__GB2, 
uart_tx: soc_top__GB1, 
reg__178: soc_top__GB1, 
case__139: soc_top__GB2, 
case__395: soc_top__GB2, 
case__300: soc_top__GB2, 
logic__347: soc_top__GB2, 
case__524: soc_top__GB1, 
logic__945: soc_top__GB1, 
logic__1625: aes_axi_slave, 
logic__1320: soc_top__GB1, 
logic__551: soc_top__GB2, 
logic__539: soc_top__GB2, 
case__575: soc_top__GB1, 
logic__1640: aes_axi_slave, 
case__510: soc_top__GB1, 
logic__1382: soc_top__GB1, 
logic__1630: aes_axi_slave, 
logic__408: soc_top__GB2, 
case__785: aes_axi_slave, 
case__513: soc_top__GB1, 
logic__411: soc_top__GB2, 
reg__185: soc_top__GB1, 
case__42: soc_top__GB2, 
logic__493: soc_top__GB2, 
case__155: soc_top__GB2, 
keep__6: soc_top__GB2, 
reg__88: soc_top__GB2, 
case__122: soc_top__GB2, 
case__521: soc_top__GB1, 
reg__320: aes_axi_slave, 
logic__1201: soc_top__GB1, 
reg__48: soc_top__GB2, 
register_file: soc_top__GB2, 
case__203: soc_top__GB2, 
case__564: soc_top__GB1, 
cpu_axi_request_arbiter: soc_top__GB2, 
logic__1489: aes_axi_slave, 
case__88: soc_top__GB2, 
case__342: soc_top__GB2, 
reg__62: soc_top__GB2, 
logic__1529: aes_axi_slave, 
logic__324: soc_top__GB2, 
logic__1389: soc_top__GB1, 
reg__47: soc_top__GB2, 
reg__251: soc_top__GB1, 
logic__61: soc_top__GB2, 
logic__1570: aes_axi_slave, 
case__94: soc_top__GB2, 
reg__36: soc_top__GB2, 
case__284: soc_top__GB2, 
case__497: soc_top__GB1, 
reg__301: aes_axi_slave, 
muxpart__89: aes_axi_slave, 
case__70: soc_top__GB2, 
case__758: aes_axi_slave, 
logic__487: soc_top__GB2, 
logic__366: soc_top__GB2, 
reg__262: soc_top__GB1, 
reg__46: soc_top__GB2, 
case__265: soc_top__GB2, 
logic__531: soc_top__GB2, 
logic__745: soc_top__GB1, 
case__339: soc_top__GB2, 
reg__73: soc_top__GB2, 
case__171: soc_top__GB2, 
logic__1436: soc_top__GB1, 
reg__229: soc_top__GB1, 
case__104: soc_top__GB2, 
logic__765: soc_top__GB1, 
case__737: soc_top__GB1, 
logic__559: soc_top__GB2, 
reg__107: soc_top__GB2, 
ram__2: soc_top__GB1, 
case__663: soc_top__GB1, 
case__643: soc_top__GB1, 
case__780: aes_axi_slave, 
logic__458: soc_top__GB2, 
case__173: soc_top__GB2, 
logic__460: soc_top__GB2, 
case__538: soc_top__GB1, 
logic__1429: soc_top__GB1, 
logic__563: soc_top__GB2, 
case__346: soc_top__GB2, 
case__502: soc_top__GB1, 
case__792: aes_axi_slave, 
logic__412: soc_top__GB2, 
aes_add_round_key: aes_axi_slave, 
reg__275: aes_axi_slave, 
logic__430: soc_top__GB2, 
case__381: soc_top__GB2, 
keep__1: soc_top__GB2, 
reg__260: soc_top__GB1, 
logic__45: soc_top__GB2, 
reg__66: soc_top__GB2, 
case__10: soc_top__GB2, 
case__86: soc_top__GB2, 
logic__1276: soc_top__GB1, 
logic__474: soc_top__GB2, 
logic__1200: soc_top__GB1, 
case__189: soc_top__GB2, 
case__2: soc_top__GB2, 
logic__1334: soc_top__GB1, 
reg__155: soc_top__GB2, 
logic__1481: aes_axi_slave, 
case__103: soc_top__GB2, 
logic__523: soc_top__GB2, 
reg__266: aes_axi_slave, 
reg__89: soc_top__GB2, 
logic__1521: aes_axi_slave, 
reg__259: soc_top__GB1, 
case__1: soc_top__GB2, 
logic__1475: aes_axi_slave, 
logic__325: soc_top__GB2, 
logic__1425: soc_top__GB1, 
case__469: soc_top__GB1, 
logic__117: soc_top__GB2, 
case__541: soc_top__GB1, 
logic__401: soc_top__GB2, 
reg__147: soc_top__GB2, 
logic__885: soc_top__GB1, 
case__198: soc_top__GB2, 
case__147: soc_top__GB2, 
logic__319: soc_top__GB2, 
case__624: soc_top__GB1, 
case__766: aes_axi_slave, 
case__680: soc_top__GB1, 
reg__24: soc_top__GB2, 
logic__306: soc_top__GB2, 
logic__550: soc_top__GB2, 
reg__19: soc_top__GB2, 
muxpart__4: soc_top__GB2, 
reg__132: soc_top__GB2, 
reg__187: soc_top__GB1, 
datapath__6: soc_top__GB2, 
reg__14: soc_top__GB2, 
keep__7: soc_top__GB2, 
case__212: soc_top__GB2, 
logic__406: soc_top__GB2, 
logic__1218: soc_top__GB1, 
case__74: soc_top__GB2, 
case__468: soc_top__GB1, 
case__209: soc_top__GB2, 
case__433: soc_top__GB2, 
logic__1492: aes_axi_slave, 
logic__506: soc_top__GB2, 
case__325: soc_top__GB2, 
case__278: soc_top__GB2, 
logic__797: soc_top__GB1, 
logic__313: soc_top__GB2, 
logic__845: soc_top__GB1, 
reg__308: aes_axi_slave, 
logic__901: soc_top__GB1, 
reg__163: soc_top__GB2, 
case__29: soc_top__GB2, 
logic__332: soc_top__GB2, 
logic__243: soc_top__GB2, 
case__315: soc_top__GB2, 
logic__91: soc_top__GB2, 
logic__524: soc_top__GB2, 
case__45: soc_top__GB2, 
case__152: soc_top__GB2, 
reg__273: aes_axi_slave, 
logic__467: soc_top__GB2, 
case__285: soc_top__GB2, 
logic__229: soc_top__GB2, 
reg__92: soc_top__GB2, 
case__673: soc_top__GB1, 
case__121: soc_top__GB2, 
reg__157: soc_top__GB2, 
reg__162: soc_top__GB2, 
case__320: soc_top__GB2, 
logic__501: soc_top__GB2, 
reg__267: aes_axi_slave, 
logic__228: soc_top__GB2, 
reg__125: soc_top__GB2, 
keep__8: soc_top__GB2, 
case__204: soc_top__GB2, 
case__169: soc_top__GB2, 
case__770: aes_axi_slave, 
logic__1565: aes_axi_slave, 
logic__344: soc_top__GB2, 
case__145: soc_top__GB2, 
logic__194: soc_top__GB2, 
logic__557: soc_top__GB2, 
reg__98: soc_top__GB2, 
case__253: soc_top__GB2, 
reg__329: aes_axi_slave, 
datapath__17: soc_top__GB1, 
logic__442: soc_top__GB2, 
reg__234: soc_top__GB1, 
logic__1433: soc_top__GB1, 
case__659: soc_top__GB1, 
logic__389: soc_top__GB2, 
logic__1600: aes_axi_slave, 
reg__263: soc_top__GB1, 
keep__4: soc_top__GB2, 
reg__42: soc_top__GB2, 
logic__451: soc_top__GB2, 
reg__129: soc_top__GB2, 
reg__318: aes_axi_slave, 
logic__348: soc_top__GB2, 
logic__1405: soc_top__GB1, 
case__297: soc_top__GB2, 
keep__3: soc_top__GB2, 
case__164: soc_top__GB2, 
logic__481: soc_top__GB2, 
logic__1396: soc_top__GB1, 
case__318: soc_top__GB2, 
reg__16: soc_top__GB2, 
case__744: soc_top__GB1, 
logic__1203: soc_top__GB1, 
logic__1417: soc_top__GB1, 
case__570: soc_top__GB1, 
reg__1: soc_top__GB2, 
logic__622: soc_top__GB2, 
reg__110: soc_top__GB2, 
case__270: soc_top__GB2, 
reg__138: soc_top__GB2, 
logic__464: soc_top__GB2, 
branch_unit: soc_top__GB2, 
reg__159: soc_top__GB2, 
case__329: soc_top__GB2, 
logic__1141: soc_top__GB1, 
case__167: soc_top__GB2, 
logic__1479: aes_axi_slave, 
case__309: soc_top__GB2, 
logic__409: soc_top__GB2, 
case__756: aes_axi_slave, 
logic__541: soc_top__GB2, 
case__272: soc_top__GB2, 
case__174: soc_top__GB2, 
logic__1557: aes_axi_slave, 
risc_top: soc_top__GB2, 
logic__577: soc_top__GB2, 
logic__397: soc_top__GB2, 
case__378: soc_top__GB2, 
logic__438: soc_top__GB2, 
case__115: soc_top__GB2, 
logic__477: soc_top__GB2, 
case__305: soc_top__GB2, 
logic__422: soc_top__GB2, 
logic__639: soc_top__GB1, 
case__223: soc_top__GB2, 
muxpart__7: soc_top__GB2, 
case__76: soc_top__GB2, 
case__24: soc_top__GB2, 
logic__354: soc_top__GB2, 
logic__1467: soc_top__GB1, 
logic__1037: soc_top__GB1, 
logic__1645: aes_axi_slave, 
logic__364: soc_top__GB2, 
logic__485: soc_top__GB2, 
case__92: soc_top__GB2, 
case__485: soc_top__GB1, 
reg__181: soc_top__GB1, 
logic__53: soc_top__GB2, 
logic__556: soc_top__GB2, 
reg__130: soc_top__GB2, 
case__101: soc_top__GB2, 
case__195: soc_top__GB2, 
case__80: soc_top__GB2, 
logic__1434: soc_top__GB1, 
reg__276: aes_axi_slave, 
logic__403: soc_top__GB2, 
reg__65: soc_top__GB2, 
logic__488: soc_top__GB2, 
case__720: soc_top__GB1, 
logic__1204: soc_top__GB1, 
logic__668: soc_top__GB1, 
logic__341: soc_top__GB2, 
reg__280: aes_axi_slave, 
case__403: soc_top__GB2, 
logic__1213: soc_top__GB1, 
datapath__4: soc_top__GB2, 
case__539: soc_top__GB1, 
case__594: soc_top__GB1, 
logic__457: soc_top__GB2, 
case__599: soc_top__GB1, 
case__365: soc_top__GB2, 
case__281: soc_top__GB2, 
muxpart__19: soc_top__GB2, 
logic__278: soc_top__GB2, 
case__30: soc_top__GB2, 
case__359: soc_top__GB2, 
logic__386: soc_top__GB2, 
case__61: soc_top__GB2, 
case__197: soc_top__GB2, 
program_counter: soc_top__GB2, 
logic__517: soc_top__GB2, 
case__283: soc_top__GB2, 
logic__1065: soc_top__GB1, 
logic__57: soc_top__GB2, 
case__375: soc_top__GB2, 
logic__439: soc_top__GB2, 
muxpart__83: soc_top__GB1, 
logic__1416: soc_top__GB1, 
reg__310: aes_axi_slave, 
case__550: soc_top__GB1, 
logic__299: soc_top__GB2, 
logic__520: soc_top__GB2, 
logic__593: soc_top__GB2, 
muxpart__95: aes_axi_slave, 
datapath__2: soc_top__GB2, 
logic__357: soc_top__GB2, 
case__405: soc_top__GB2, 
case__399: soc_top__GB2, 
reg__51: soc_top__GB2, 
case__134: soc_top__GB2, 
reg__249: soc_top__GB1, 
reg__295: aes_axi_slave, 
reg__31: soc_top__GB2, 
case__516: soc_top__GB1, 
logic__356: soc_top__GB2, 
case__60: soc_top__GB2, 
logic__1398: soc_top__GB1, 
case__56: soc_top__GB2, 
case__725: soc_top__GB1, 
reg__143: soc_top__GB2, 
case__582: soc_top__GB1, 
reg__17: soc_top__GB2, 
keep: soc_top__GB2, 
logic__420: soc_top__GB2, 
case__108: soc_top__GB2, 
logic__1328: soc_top__GB1, 
muxpart__41: soc_top__GB1, 
case__338: soc_top__GB2, 
reg__119: soc_top__GB2, 
logic__242: soc_top__GB2, 
case__244: soc_top__GB2, 
logic__1137: soc_top__GB1, 
reg__115: soc_top__GB2, 
logic__1522: aes_axi_slave, 
case__730: soc_top__GB1, 
reg__96: soc_top__GB2, 
case__495: soc_top__GB1, 
logic__1089: soc_top__GB1, 
case__176: soc_top__GB2, 
case__18: soc_top__GB2, 
case__287: soc_top__GB2, 
case__438: soc_top__GB2, 
logic__270: soc_top__GB2, 
logic__396: soc_top__GB2, 
case__55: soc_top__GB2, 
case__760: aes_axi_slave, 
case: soc_top__GB2, 
reg__150: soc_top__GB2, 
aes_sub_word: aes_axi_slave, 
logic__513: soc_top__GB2, 
logic__443: soc_top__GB2, 
case__271: soc_top__GB2, 
logic__116: soc_top__GB2, 
case__186: soc_top__GB2, 
case__592: soc_top__GB1, 
case__580: soc_top__GB1, 
case__629: soc_top__GB1, 
reg__333: aes_axi_slave, 
logic__193: soc_top__GB2, 
case__294: soc_top__GB2, 
logic__99: soc_top__GB2, 
reg__210: soc_top__GB1, 
case__674: soc_top__GB1, 
reg__305: aes_axi_slave, 
logic__1517: aes_axi_slave, 
case__787: aes_axi_slave, 
case__364: soc_top__GB2, 
case__322: soc_top__GB2, 
case__273: soc_top__GB2, 
case__696: soc_top__GB1, 
logic__1148: soc_top__GB1, 
reg__281: aes_axi_slave, 
logic__1635: aes_axi_slave, 
case__308: soc_top__GB2, 
case__81: soc_top__GB2, 
case__717: soc_top__GB1, 
datapath__23: soc_top__GB1, 
case__109: soc_top__GB2, 
logic__427: soc_top__GB2, 
case__537: soc_top__GB1, 
reg__221: soc_top__GB1, 
case__146: soc_top__GB2, 
case__129: soc_top__GB2, 
logic__214: soc_top__GB2, 
reg__86: soc_top__GB2, 
logic__673: soc_top__GB1, 
case__736: soc_top__GB1, 
case__181: soc_top__GB2, 
case__242: soc_top__GB2, 
case__782: aes_axi_slave, 
case__229: soc_top__GB2, 
logic__329: soc_top__GB2, 
datapath__9: soc_top__GB2, 
case__53: soc_top__GB2, 
reg__165: soc_top__GB2, 
case__480: soc_top__GB1, 
rom: aes_axi_slave, 
case__143: soc_top__GB2, 
case__277: soc_top__GB2, 
logic__1543: aes_axi_slave, 
reg__325: aes_axi_slave, 
case__43: soc_top__GB2, 
case__493: soc_top__GB1, 
logic__1125: soc_top__GB1, 
logic__331: soc_top__GB2, 
case__128: soc_top__GB2, 
alu_src_a_mux: soc_top__GB2, 
logic__478: soc_top__GB2, 
logic__387: soc_top__GB2, 
logic__1257: soc_top__GB1, 
case__218: soc_top__GB2, 
reg__3: soc_top__GB2, 
case__487: soc_top__GB1, 
muxpart__40: soc_top__GB1, 
reg__43: soc_top__GB2, 
case__41: soc_top__GB2, 
l1_icache: soc_top__GB2, 
case__26: soc_top__GB2, 
case__558: soc_top__GB1, 
reg__25: soc_top__GB2, 
logic__1194: soc_top__GB1, 
reg__206: soc_top__GB1, 
case__482: soc_top__GB1, 
case__328: soc_top__GB2, 
case__44: soc_top__GB2, 
datapath__8: soc_top__GB2, 
logic__256: soc_top__GB2, 
logic__335: soc_top__GB2, 
reg__220: soc_top__GB1, 
logic__1400: soc_top__GB1, 
case__520: soc_top__GB1, 
case__343: soc_top__GB2, 
case__21: soc_top__GB2, 
case__577: soc_top__GB1, 
case__738: soc_top__GB1, 
case__772: aes_axi_slave, 
datapath__10: soc_top__GB2, 
logic__1157: soc_top__GB1, 
case__361: soc_top__GB2, 
case__332: soc_top__GB2, 
case__739: soc_top__GB1, 
logic__1661: soc_top__GB2, 
case__255: soc_top__GB2, 
reg__194: soc_top__GB1, 
case__79: soc_top__GB2, 
logic__328: soc_top__GB2, 
case__207: soc_top__GB2, 
logic__566: soc_top__GB2, 
reg__23: soc_top__GB2, 
logic__540: soc_top__GB2, 
case__141: soc_top__GB2, 
logic__1520: aes_axi_slave, 
logic__535: soc_top__GB2, 
datapath__16: soc_top__GB1, 
reg__168: soc_top__GB2, 
logic__492: soc_top__GB2, 
case__288: soc_top__GB2, 
logic__455: soc_top__GB2, 
logic__602: soc_top__GB2, 
logic__292: soc_top__GB2, 
reg__195: soc_top__GB1, 
case__317: soc_top__GB2, 
logic__1534: aes_axi_slave, 
logic__494: soc_top__GB2, 
case__462: soc_top__GB1, 
case__512: soc_top__GB1, 
case__351: soc_top__GB2, 
case__84: soc_top__GB2, 
case__602: soc_top__GB1, 
case__71: soc_top__GB2, 
logic__1497: aes_axi_slave, 
case__584: soc_top__GB1, 
case__188: soc_top__GB2, 
logic__424: soc_top__GB2, 
reg__312: aes_axi_slave, 
case__591: soc_top__GB1, 
case__755: aes_axi_slave, 
rx_sync: soc_top__GB1, 
logic__555: soc_top__GB2, 
logic__1516: aes_axi_slave, 
logic__693: soc_top__GB1, 
logic__937: soc_top__GB1, 
case__670: soc_top__GB1, 
logic__257: soc_top__GB2, 
reg__18: soc_top__GB2, 
case__268: soc_top__GB2, 
logic__509: soc_top__GB2, 
case__484: soc_top__GB1, 
reg__314: aes_axi_slave, 
reg__334: aes_axi_slave, 
logic__222: soc_top__GB2, 
muxpart__86: aes_axi_slave, 
logic__435: soc_top__GB2, 
case__370: soc_top__GB2, 
case__363: soc_top__GB2, 
reg__124: soc_top__GB2, 
logic__572: soc_top__GB2, 
reg__35: soc_top__GB2, 
case__476: soc_top__GB1, 
reg__284: aes_axi_slave, 
aes_round: aes_axi_slave, 
logic__102: soc_top__GB2, 
case__116: soc_top__GB2, 
datapath__22: soc_top__GB1, 
case__569: soc_top__GB1, 
case__210: soc_top__GB2, 
case__330: soc_top__GB2, 
logic__416: soc_top__GB2, 
reg__174: soc_top__GB1, 
reg__177: soc_top__GB1, 
case__434: soc_top__GB2, 
case__752: aes_axi_slave, 
case__93: soc_top__GB2, 
case__799: aes_axi_slave, 
reg__282: aes_axi_slave, 
case__234: soc_top__GB2, 
case__590: soc_top__GB1, 
logic__597: soc_top__GB2, 
case__669: soc_top__GB1, 
logic__166: soc_top__GB2, 
reg__135: soc_top__GB2, 
case__665: soc_top__GB1, 
case__256: soc_top__GB2, 
logic__468: soc_top__GB2, 
case__226: soc_top__GB2, 
case__527: soc_top__GB1, 
logic__497: soc_top__GB2, 
case__90: soc_top__GB2, 
logic__463: soc_top__GB2, 
logic__1142: soc_top__GB1, 
logic__450: soc_top__GB2, 
case__391: soc_top__GB2, 
logic__471: soc_top__GB2, 
reg__204: soc_top__GB1, 
case__107: soc_top__GB2, 
logic__1149: soc_top__GB1, 
case__15: soc_top__GB2, 
datapath__3: soc_top__GB2, 
reg__242: soc_top__GB1, 
logic__78: soc_top__GB2, 
logic__1480: aes_axi_slave, 
logic__369: soc_top__GB2, 
logic__825: soc_top__GB1, 
logic__384: soc_top__GB2, 
muxpart__15: soc_top__GB2, 
logic__561: soc_top__GB2, 
case__236: soc_top__GB2, 
logic__338: soc_top__GB2, 
case__553: soc_top__GB1, 
case__498: soc_top__GB1, 
logic__445: soc_top__GB2, 
datapath__12: soc_top__GB2, 
case__22: soc_top__GB2, 
reg__53: soc_top__GB2, 
case__507: soc_top__GB1, 
reg__319: aes_axi_slave, 
case__697: soc_top__GB1, 
case__149: soc_top__GB2, 
case__410: soc_top__GB2, 
case__260: soc_top__GB2, 
counter: soc_top__GB1, 
case__52: soc_top__GB2, 
reg__78: soc_top__GB2, 
case__536: soc_top__GB1, 
alu_src_b_mux: soc_top__GB2, 
case__33: soc_top__GB2, 
case__257: soc_top__GB2, 
logic__1264: soc_top__GB1, 
reg__127: soc_top__GB2, 
case__58: soc_top__GB2, 
case__327: soc_top__GB2, 
case__261: soc_top__GB2, 
case__518: soc_top__GB1, 
case__131: soc_top__GB2, 
muxpart__93: aes_axi_slave, 
logic__431: soc_top__GB2, 
case__515: soc_top__GB1, 
case__491: soc_top__GB1, 
case__303: soc_top__GB2, 
muxpart__16: soc_top__GB2, 
reg__265: aes_axi_slave, 
reg__99: soc_top__GB2, 
reg__34: soc_top__GB2, 
logic__326: soc_top__GB2, 
reg__117: soc_top__GB2, 
reg__45: soc_top__GB2, 
logic__1484: aes_axi_slave, 
case__123: soc_top__GB2, 
logic__865: soc_top__GB1, 
aes_cipher_top: aes_axi_slave, 
case__337: soc_top__GB2, 
logic__362: soc_top__GB2, 
case__576: soc_top__GB1, 
case__781: aes_axi_slave, 
logic__284: soc_top__GB2, 
logic__515: soc_top__GB2, 
logic__441: soc_top__GB2, 
case__439: soc_top__GB2, 
case__202: soc_top__GB2, 
reg__317: aes_axi_slave, 
case__85: soc_top__GB2, 
baud_gen: soc_top__GB1, 
logic__595: soc_top__GB2, 
case__87: soc_top__GB2, 
muxpart__84: soc_top__GB1, 
muxpart__25: soc_top__GB1, 
case__611: soc_top__GB1, 
logic__562: soc_top__GB2, 
case__230: soc_top__GB2, 
logic__519: soc_top__GB2, 
extram__1: soc_top__GB2, 
case__347: soc_top__GB2, 
case__75: soc_top__GB2, 
case__565: soc_top__GB1, 
reg__118: soc_top__GB2, 
case__250: soc_top__GB2, 
case__789: aes_axi_slave, 
logic__208: soc_top__GB2, 
logic__473: soc_top__GB2, 
logic__1293: soc_top__GB1, 
case__499: soc_top__GB1, 
logic__110: soc_top__GB2, 
datapath__18: soc_top__GB1, 
case__525: soc_top__GB1, 
reg__83: soc_top__GB2, 
case__678: soc_top__GB1, 
reg__304: aes_axi_slave, 
case__259: soc_top__GB2, 
reg__27: soc_top__GB2, 
logic__594: soc_top__GB2, 
case__561: soc_top__GB1, 
reg__81: soc_top__GB2, 
logic__1441: soc_top__GB1, 
case__299: soc_top__GB2, 
logic__1267: soc_top__GB1, 
logic__448: soc_top__GB2, 
logic__340: soc_top__GB2, 
logic__546: soc_top__GB2, 
case__786: aes_axi_slave, 
reg__114: soc_top__GB2, 
case__201: soc_top__GB2, 
case__376: soc_top__GB2, 
case__661: soc_top__GB1, 
logic__1378: soc_top__GB1, 
logic__479: soc_top__GB2, 
reg__166: soc_top__GB2, 
muxpart__18: soc_top__GB2, 
SRAM1RW256x32_1bit: soc_top__GB1, 
logic__138: soc_top__GB2, 
case__679: soc_top__GB1, 
logic__379: soc_top__GB2, 
case__483: soc_top__GB1, 
logic__172: soc_top__GB2, 
case__529: soc_top__GB1, 
case__396: soc_top__GB2, 
logic__263: soc_top__GB2, 
logic__123: soc_top__GB2, 
case__16: soc_top__GB2, 
case__657: soc_top__GB1, 
case__656: soc_top__GB1, 
logic__547: soc_top__GB2, 
case__344: soc_top__GB2, 
reg__246: soc_top__GB1, 
reg__32: soc_top__GB2, 
case__404: soc_top__GB2, 
case__319: soc_top__GB2, 
case__394: soc_top__GB2, 
case__506: soc_top__GB1, 
reg__331: aes_axi_slave, 
logic__530: soc_top__GB2, 
case__326: soc_top__GB2, 
logic__1097: soc_top__GB1, 
logic__532: soc_top__GB2, 
logic__426: soc_top__GB2, 
reg__55: soc_top__GB2, 
logic__69: soc_top__GB2, 
logic__64: soc_top__GB2, 
logic__549: soc_top__GB2, 
reg__207: soc_top__GB1, 
reg__270: aes_axi_slave, 
logic__398: soc_top__GB2, 
logic__512: soc_top__GB2, 
muxpart__97: aes_axi_slave, 
reg__57: soc_top__GB2, 
case__275: soc_top__GB2, 
case__784: aes_axi_slave, 
datapath__21: soc_top__GB1, 
case__489: soc_top__GB1, 
logic__432: soc_top__GB2, 
datapath: soc_top__GB2, 
case__262: soc_top__GB2, 
case__531: soc_top__GB1, 
case__761: aes_axi_slave, 
logic__378: soc_top__GB2, 
logic__415: soc_top__GB2, 
case__517: soc_top__GB1, 
logic__489: soc_top__GB2, 
case__120: soc_top__GB2, 
logic__724: soc_top__GB1, 
case__742: soc_top__GB1, 
logic__414: soc_top__GB2, 
reg__61: soc_top__GB2, 
case__693: soc_top__GB1, 
logic__1615: aes_axi_slave, 
logic__552: soc_top__GB2, 
reg__33: soc_top__GB2, 
reg__145: soc_top__GB2, 
logic__440: soc_top__GB2, 
reg__56: soc_top__GB2, 
case__551: soc_top__GB1, 
logic__1490: aes_axi_slave, 
case__39: soc_top__GB2, 
logic__1085: soc_top__GB1, 
case__220: soc_top__GB2, 
muxpart__6: soc_top__GB2, 
reg__67: soc_top__GB2, 
logic__461: soc_top__GB2, 
case__252: soc_top__GB2, 
case__156: soc_top__GB2, 
case__797: aes_axi_slave, 
logic__336: soc_top__GB2, 
case__95: soc_top__GB2, 
case__417: soc_top__GB2, 
reg__116: soc_top__GB2, 
reg__192: soc_top__GB1, 
case__372: soc_top__GB2, 
reg__182: soc_top__GB1, 
case__321: soc_top__GB2, 
case__528: soc_top__GB1, 
case__102: soc_top__GB2, 
reg__121: soc_top__GB2, 
case__588: soc_top__GB1, 
reg__294: aes_axi_slave, 
logic__173: soc_top__GB2, 
case__668: soc_top__GB1, 
case__547: soc_top__GB1, 
logic__636: soc_top__GB1, 
logic__1259: soc_top__GB1, 
logic__73: soc_top__GB2, 
case__718: soc_top__GB1, 
logic__553: soc_top__GB2, 
case__126: soc_top__GB2, 
reg__268: aes_axi_slave, 
case__568: soc_top__GB1, 
muxpart__94: aes_axi_slave, 
reg__307: aes_axi_slave, 
case__771: aes_axi_slave, 
reg__223: soc_top__GB1, 
case__508: soc_top__GB1, 
case__740: soc_top__GB1, 
case__631: soc_top__GB1, 
logic__1025: soc_top__GB1, 
case__562: soc_top__GB1, 
logic__495: soc_top__GB2, 
reg__77: soc_top__GB2, 
case__191: soc_top__GB2, 
case__312: soc_top__GB2, 
logic__200: soc_top__GB2, 
case__633: soc_top__GB1, 
case__467: soc_top__GB1, 
logic__578: soc_top__GB2, 
case__735: soc_top__GB1, 
case__475: soc_top__GB1, 
extram: soc_top__GB2, 
logic__76: soc_top__GB2, 
logic__484: soc_top__GB2, 
case__542: soc_top__GB1, 
case__503: soc_top__GB1, 
case__266: soc_top__GB2, 
case__432: soc_top__GB2, 
case__99: soc_top__GB2, 
case__286: soc_top__GB2, 
reg__279: aes_axi_slave, 
reg__152: soc_top__GB2, 
logic__490: soc_top__GB2, 
reg__158: soc_top__GB2, 
case__158: soc_top__GB2, 
logic__695: soc_top__GB1, 
logic__44: soc_top__GB2, 
logic__370: soc_top__GB2, 
reg__250: soc_top__GB1, 
logic__785: soc_top__GB1, 
case__166: soc_top__GB2, 
reg__335: aes_axi_slave, 
datapath__20: soc_top__GB1, 
case__362: soc_top__GB2, 
logic__476: soc_top__GB2, 
case__526: soc_top__GB1, 
reg__309: aes_axi_slave, 
logic__486: soc_top__GB2, 
reg__302: aes_axi_slave, 
logic__897: soc_top__GB1, 
reg__327: aes_axi_slave, 
logic__1415: soc_top__GB1, 
logic__722: soc_top__GB1, 
case__68: soc_top__GB2, 
logic__997: soc_top__GB1, 
reg__290: aes_axi_slave, 
case__192: soc_top__GB2, 
logic__395: soc_top__GB2, 
logic__503: soc_top__GB2, 
logic__373: soc_top__GB2, 
case__769: aes_axi_slave, 
case__243: soc_top__GB2, 
alu: soc_top__GB2, 
reg__186: soc_top__GB1, 
logic__1471: aes_axi_slave, 
logic__1472: aes_axi_slave, 
case__37: soc_top__GB2, 
case__89: soc_top__GB2, 
uart_core: soc_top__GB1, 
case__369: soc_top__GB2, 
case__111: soc_top__GB2, 
logic__633: soc_top__GB1, 
logic__1488: aes_axi_slave, 
logic__573: soc_top__GB2, 
logic__428: soc_top__GB2, 
logic__380: soc_top__GB2, 
case__407: soc_top__GB2, 
logic__1258: soc_top__GB1, 
case__533: soc_top__GB1, 
reg__255: soc_top__GB1, 
logic__1322: soc_top__GB1, 
reg__180: soc_top__GB1, 
case__200: soc_top__GB2, 
muxpart__101: aes_axi_slave, 
reg__144: soc_top__GB2, 
case__215: soc_top__GB2, 
case__689: soc_top__GB1, 
muxpart__98: aes_axi_slave, 
reg__111: soc_top__GB2, 
reg__269: aes_axi_slave, 
logic__1515: aes_axi_slave, 
muxpart__99: aes_axi_slave, 
case__302: soc_top__GB2, 
case__371: soc_top__GB2, 
case__65: soc_top__GB2, 
case__354: soc_top__GB2, 
logic__165: soc_top__GB2, 
case__501: soc_top__GB1, 
logic__589: soc_top__GB2, 
logic__355: soc_top__GB2, 
case__535: soc_top__GB1, 
logic__689: soc_top__GB1, 
case__117: soc_top__GB2, 
logic__346: soc_top__GB2, 
case__597: soc_top__GB1, 
case__412: soc_top__GB2, 
reg__313: aes_axi_slave, 
case__557: soc_top__GB1, 
logic__367: soc_top__GB2, 
reg__330: aes_axi_slave, 
logic__624: soc_top__GB1, 
logic__333: soc_top__GB2, 
logic__351: soc_top__GB2, 
logic__343: soc_top__GB2, 
logic__522: soc_top__GB2, 
case__159: soc_top__GB2, 
logic__1444: soc_top__GB1, 
case__702: soc_top__GB1, 
case__723: soc_top__GB1, 
logic__1605: aes_axi_slave, 
logic__574: soc_top__GB2, 
reg__289: aes_axi_slave, 
reg__72: soc_top__GB2, 
reg__6: soc_top__GB2, 
case__324: soc_top__GB2, 
case__627: soc_top__GB1, 
case__416: soc_top__GB2, 
case__540: soc_top__GB1, 
case__514: soc_top__GB1, 
case__747: soc_top__GB1, 
reg__241: soc_top__GB1, 
case__459: soc_top__GB1, 
axi_shared_sram_slave: soc_top__GB1, 
logic__704: soc_top__GB1, 
reg__225: soc_top__GB1, 
logic__1524: aes_axi_slave, 
case__358: soc_top__GB2, 
logic__482: soc_top__GB2, 
case__59: soc_top__GB2, 
logic__144: soc_top__GB2, 
case__154: soc_top__GB2, 
case__645: soc_top__GB1, 
reg__322: aes_axi_slave, 
logic__623: soc_top__GB1, 
logic__1205: soc_top__GB1, 
case__13: soc_top__GB2, 
reg__252: soc_top__GB1, 
case__392: soc_top__GB2, 
logic__801: soc_top__GB1, 
reg__218: soc_top__GB1, 
reg__142: soc_top__GB2, 
reg__167: soc_top__GB2, 
logic__404: soc_top__GB2, 
case__185: soc_top__GB2, 
logic__1383: soc_top__GB1, 
aes_sbox: aes_axi_slave, 
case__4: soc_top__GB2, 
uart_rx: soc_top__GB1, 
case__635: soc_top__GB1, 
case__8: soc_top__GB2, 
case__276: soc_top__GB2, 
reg__109: soc_top__GB2, 
case__153: soc_top__GB2, 
logic__1496: aes_axi_slave, 
logic__449: soc_top__GB2, 
case__334: soc_top__GB2, 
reg__311: aes_axi_slave, 
logic__418: soc_top__GB2, 
case__295: soc_top__GB2, 
case__579: soc_top__GB1, 
case__142: soc_top__GB2, 
muxpart__1: soc_top__GB2, 
reg__39: soc_top__GB2, 
reg__253: soc_top__GB1, 
case__698: soc_top__GB1, 
case__765: aes_axi_slave, 
case__180: soc_top__GB2, 
reg__189: soc_top__GB1, 
muxpart__14: soc_top__GB2, 
logic__564: soc_top__GB2, 
logic__1279: soc_top__GB1, 
reg__169: soc_top__GB2, 
logic__158: soc_top__GB2, 
reg__277: aes_axi_slave, 
reg__337: aes_axi_slave, 
reg__248: soc_top__GB1, 
case__763: aes_axi_slave, 
case__114: soc_top__GB2, 
case__217: soc_top__GB2, 
case__762: aes_axi_slave, 
logic__1256: soc_top__GB1, 
case__401: soc_top__GB2, 
reg__29: soc_top__GB2, 
logic__575: soc_top__GB2, 
logic__180: soc_top__GB2, 
reg__211: soc_top__GB1, 
muxpart__39: soc_top__GB1, 
case__724: soc_top__GB1, 
logic__429: soc_top__GB2, 
control_unit: soc_top__GB2, 
logic__1486: aes_axi_slave, 
case__96: soc_top__GB2, 
reg__315: aes_axi_slave, 
case__9: soc_top__GB2, 
case__382: soc_top__GB2, 
reg__183: soc_top__GB1, 
logic__1493: aes_axi_slave, 
case__335: soc_top__GB2, 
datapath__14: soc_top__GB1, 
reg__287: aes_axi_slave, 
reg__120: soc_top__GB2, 
case__216: soc_top__GB2, 
case__119: soc_top__GB2, 
logic__1477: aes_axi_slave, 
case__233: soc_top__GB2, 
logic__452: soc_top__GB2, 
logic__345: soc_top__GB2, 
case__280: soc_top__GB2, 
logic__1476: aes_axi_slave, 
case__214: soc_top__GB2, 
case__442: soc_top__GB1, 
logic__186: soc_top__GB2, 
case__105: soc_top__GB2, 
reg__291: aes_axi_slave, 
instruction_fetch_router: soc_top__GB2, 
case__238: soc_top__GB2, 
reg__44: soc_top__GB2, 
case__355: soc_top__GB2, 
logic__713: soc_top__GB1, 
logic__470: soc_top__GB2, 
case__182: soc_top__GB2, 
case__368: soc_top__GB2, 
reg__126: soc_top__GB2, 
reg__91: soc_top__GB2, 
case__397: soc_top__GB2, 
logic__456: soc_top__GB2, 
instruction_sram_256x32_wrapper: soc_top__GB1, 
reg__298: aes_axi_slave, 
case__573: soc_top__GB1, 
keep__5: soc_top__GB2, 
case__135: soc_top__GB2, 
reg__80: soc_top__GB2, 
logic__1544: aes_axi_slave, 
reg__191: soc_top__GB1, 
reg__22: soc_top__GB2, 
case__522: soc_top__GB1, 
case__759: aes_axi_slave, 
case__172: soc_top__GB2, 
reg__283: aes_axi_slave, 
logic__1533: aes_axi_slave, 
ram__1: soc_top__GB2, 
soc_top__GB2: soc_top__GB2, 
case__205: soc_top__GB2, 
datapath__1: soc_top__GB2, 
logic__1001: soc_top__GB1, 
reg__10: soc_top__GB2, 
logic__271: soc_top__GB2, 
